MPLINK 4.22, Linker
Linker Map File - Created Fri Feb 27 17:28:18 2009

                                 Section Info
                  Section       Type    Address   Location Size(Bytes)
                ---------  ---------  ---------  ---------  ---------
               _entry_scn       code   0x000000    program   0x000006
           .code___init.o       code   0x000006    program   0x000002
               highVector       code   0x000008    program   0x000006
      .idata_eth-pop3.o_i    romdata   0x00000e    program   0x000002
   .idata_eth-netbios.o_i    romdata   0x000010    program   0x000001
       .idata_eth-nic.o_i    romdata   0x000010    program   0x000000
      .idata_eth-main.o_i    romdata   0x000011    program   0x000001
        .idata_eth-ip.o_i    romdata   0x000012    program   0x000002
       .idata_eth-dns.o_i    romdata   0x000014    program   0x000002
      .idata_eth-icmp.o_i    romdata   0x000014    program   0x000000
      .idata_eth-dhcp.o_i    romdata   0x000016    program   0x000002
                lowVector       code   0x000018    program   0x000006
                   .cinit    romdata   0x00001e    program   0x00007a
          .code_eth-tcp.o       code   0x000098    program   0x0036aa
      .romdata_eth-http.o    romdata   0x003742    program   0x002dff
       .romdata_eth-tcp.o    romdata   0x006541    program   0x000000
       .idata_eth-udp.o_i    romdata   0x006541    program   0x000000
   .romdata_eth-netbios.o    romdata   0x006541    program   0x000000
      .idata_eth-sntp.o_i    romdata   0x006541    program   0x000001
      .romdata_fxd1616u.o    romdata   0x006541    program   0x000000
        .romdata_eth-ip.o    romdata   0x006541    program   0x000000
      .idata_fxd3232u.o_i    romdata   0x006541    program   0x000000
       .romdata_fxm3232.o    romdata   0x006541    program   0x000000
        .romdata___init.o    romdata   0x006541    program   0x000000
       .romdata_eth-dns.o    romdata   0x006541    program   0x000000
       .romdata_eth-arp.o    romdata   0x006541    program   0x000000
         .code_eth-http.o       code   0x006542    program   0x002b72
         .code_eth-smtp.o       code   0x0090b4    program   0x001fda
          .code_ap-main.o       code   0x00b08e    program   0x001894
          .code_eth-udp.o       code   0x00c922    program   0x0011da
         .code_eth-pop3.o       code   0x00dafc    program   0x000fc0
          .code_eth-nic.o       code   0x00eabc    program   0x000f8c
         .code_eth-dhcp.o       code   0x00fa48    program   0x000f6a
         .code_eth-main.o       code   0x0109b2    program   0x000dda
          .code_eth-dns.o       code   0x01178c    program   0x000c88
         .code_eth-sntp.o       code   0x012414    program   0x0008d8
          .code_eth-arp.o       code   0x012cec    program   0x00084c
           .code_eth-ip.o       code   0x013538    program   0x000704
      .code_eth-netbios.o       code   0x013c3c    program   0x0004e2
         .code_eth-icmp.o       code   0x01411e    program   0x000394
      .romdata_eth-smtp.o    romdata   0x0144b2    program   0x000286
       .romdata_ap-main.o    romdata   0x014738    program   0x0001a1
      .romdata_eth-pop3.o    romdata   0x0148d9    program   0x0000f6
      .idata_fxd1616u.o_i    romdata   0x0149cf    program   0x000000
       .romdata_eth-udp.o    romdata   0x0149cf    program   0x000000
      .romdata_fxd3232u.o    romdata   0x0149cf    program   0x000000
       .idata_eth-tcp.o_i    romdata   0x0149cf    program   0x000000
      .romdata_eth-dhcp.o    romdata   0x0149cf    program   0x000000
      .romdata_eth-icmp.o    romdata   0x0149cf    program   0x000000
      .romdata_eth-main.o    romdata   0x0149cf    program   0x000000
         .romdata_c018i.o    romdata   0x0149cf    program   0x000000
       .romdata_eth-nic.o    romdata   0x0149cf    program   0x000000
       .idata_fxm3232.o_i    romdata   0x0149cf    program   0x000000
      .idata_eth-smtp.o_i    romdata   0x0149cf    program   0x000001
               _cinit_scn       code   0x0149d0    program   0x00009e
          .code_fxm3232.o       code   0x014a6e    program   0x000070
         .code_fxd3232u.o       code   0x014ade    program   0x000048
                     PROG       code   0x014b26    program   0x00003c
         .code_fxd1616u.o       code   0x014b62    program   0x00002c
             _startup_scn       code   0x014b8e    program   0x00001c
             .stringtable    romdata   0x014baa    program   0x00000e
                    .code       code   0x014bb8    program   0x00000e
      .romdata_eth-sntp.o    romdata   0x014bc6    program   0x00000d
      .idata_eth-http.o_i    romdata   0x014bd3    program   0x000006
         .idata_c018i.o_i    romdata   0x014bd9    program   0x000000
       .idata_ap-main.o_i    romdata   0x014bd9    program   0x0000e7
       .idata_eth-arp.o_i    romdata   0x014bd9    program   0x000000
        .idata___init.o_i    romdata   0x014cc0    program   0x000000
            .code_c018i.o       code   0x014cc0    program   0x000000
  .config_1fff8_ap-main.o    romdata   0x01fff8    program   0x000001
  .config_1fff9_ap-main.o    romdata   0x01fff9    program   0x000001
  .config_1fffa_ap-main.o    romdata   0x01fffa    program   0x000001
  .config_1fffb_ap-main.o    romdata   0x01fffb    program   0x000001
  .config_1fffc_ap-main.o    romdata   0x01fffc    program   0x000001
  .config_1fffd_ap-main.o    romdata   0x01fffd    program   0x000001
                MATH_DATA      udata   0x000000       data   0x000014
                 .tmpdata      udata   0x000014       data   0x000010
                  acssect      udata   0x000024       data   0x000002
        .udata_eth-pop3.o      udata   0x000060       data   0x00008c
        .udata_eth-sntp.o      udata   0x0000ec       data   0x00000d
        .idata_eth-http.o      idata   0x0000f9       data   0x000006
        .idata_eth-sntp.o      idata   0x0000ff       data   0x000001
         .idata_ap-main.o      idata   0x000100       data   0x0000e7
         .udata_eth-arp.o      udata   0x0001e7       data   0x000015
          .udata_eth-ip.o      udata   0x0001fc       data   0x000003
        .idata_eth-smtp.o      idata   0x0001ff       data   0x000001
        .udata_eth-http.o      udata   0x000200       data   0x0000b6
     .udata_eth-netbios.o      udata   0x0002b6       data   0x000036
           .udata_c018i.o      udata   0x0002ec       data   0x00000a
        .udata_fxd1616u.o      udata   0x0002f6       data   0x000000
        .idata_fxd1616u.o      idata   0x0002f6       data   0x000000
        .udata_fxd3232u.o      udata   0x0002f6       data   0x000000
        .idata_fxd3232u.o      idata   0x0002f6       data   0x000000
         .udata_fxm3232.o      udata   0x0002f6       data   0x000000
         .idata_fxm3232.o      idata   0x0002f6       data   0x000000
         .idata_eth-udp.o      idata   0x0002f6       data   0x000000
         .idata_eth-tcp.o      idata   0x0002f6       data   0x000000
          .idata___init.o      idata   0x0002f6       data   0x000000
          .udata___init.o      udata   0x0002f6       data   0x000000
        .udata_eth-icmp.o      udata   0x0002f6       data   0x000000
        .idata_eth-icmp.o      idata   0x0002f6       data   0x000000
         .idata_eth-arp.o      idata   0x0002f6       data   0x000000
           .idata_c018i.o      idata   0x0002f6       data   0x000000
         .idata_eth-nic.o      idata   0x0002f6       data   0x000000
         .udata_eth-tcp.o      udata   0x000300       data   0x0000ab
         .udata_eth-udp.o      udata   0x0003ab       data   0x000055
        .udata_eth-smtp.o      udata   0x000400       data   0x000033
        .udata_eth-dhcp.o      udata   0x000433       data   0x00001b
                   .stack      udata   0x000d00       data   0x000100
         .udata_eth-dns.o      udata   0x000e00       data   0x000051
         .udata_ap-main.o      udata   0x000e51       data   0x000023
         .udata_eth-nic.o      udata   0x000e74       data   0x00000b
     .idata_eth-netbios.o      idata   0x000e7f       data   0x000001
              SFR_BANKED0      udata   0x000e80       data   0x000006
              SFR_BANKED1      udata   0x000e8a       data   0x000001
              SFR_BANKED2      udata   0x000e97       data   0x000003
              SFR_BANKED3      udata   0x000ea0       data   0x000001
              SFR_BANKED4      udata   0x000ea2       data   0x000003
              SFR_BANKED5      udata   0x000ea6       data   0x000002
              SFR_BANKED6      udata   0x000eaa       data   0x000002
              SFR_BANKED7      udata   0x000eb2       data   0x000001
              SFR_BANKED8      udata   0x000eb4       data   0x000001
              SFR_BANKED9      udata   0x000eb6       data   0x000004
             SFR_BANKED10      udata   0x000ec0       data   0x000012
             SFR_BANKED11      udata   0x000ed4       data   0x000002
             SFR_BANKED12      udata   0x000ed8       data   0x000002
             SFR_BANKED13      udata   0x000ee2       data   0x000016
             SFR_BANKED14      udata   0x000efb       data   0x000001
             SFR_BANKED15      udata   0x000efd       data   0x000002
        .udata_eth-main.o      udata   0x000f00       data   0x000057
        .idata_eth-pop3.o      idata   0x000f57       data   0x000002
          .idata_eth-ip.o      idata   0x000f59       data   0x000002
         .idata_eth-dns.o      idata   0x000f5b       data   0x000002
        .idata_eth-dhcp.o      idata   0x000f5d       data   0x000002
        .idata_eth-main.o      idata   0x000f5f       data   0x000001
            SFR_UNBANKED0      udata   0x000f60       data   0x0000a0



                              Program Memory Usage 
                               Start         End      
                           ---------   ---------      
                            0x000000    0x014cbf      
                            0x01fff8    0x01fffd      
            85190 out of 131072 program addresses used, program memory utilization is 64%



                              Symbols - Sorted by Name
                     Name    Address   Location    Storage File                     
                ---------  ---------  ---------  --------- ---------                
                 FXD1616U   0x014b62    program     extern C:\MCC18\src\traditional\math\fxd1616u.c
                 FXD3232U   0x014ade    program     extern C:\MCC18\src\traditional\math\fxd3232u.c
                 FXM1616U   0x014b26    program     extern C:\MCC18\src\traditional\math\fxm1616u.asm
                  FXM3232   0x014a6e    program     extern C:\MCC18\src\traditional\math\fxm3232.c
           ___do_lbl00001   0x00b1e2    program     static                          
           ___do_lbl00002   0x00b206    program     static                          
           ___do_lbl00003   0x00b1b4    program     static                          
           ___do_lbl00004   0x00b25e    program     static                          
           ___do_lbl00005   0x00b282    program     static                          
           ___do_lbl00006   0x00b230    program     static                          
           ___do_lbl00007   0x00b2da    program     static                          
           ___do_lbl00008   0x00b2fe    program     static                          
           ___do_lbl00009   0x00b2ac    program     static                          
           ___do_lbl00010   0x00b356    program     static                          
           ___do_lbl00011   0x00b37a    program     static                          
           ___do_lbl00012   0x00b328    program     static                          
           ___do_lbl00013   0x00b3d2    program     static                          
           ___do_lbl00014   0x00b3f6    program     static                          
           ___do_lbl00015   0x00b3a4    program     static                          
           ___do_lbl00016   0x00b44e    program     static                          
           ___do_lbl00017   0x00b472    program     static                          
           ___do_lbl00018   0x00b420    program     static                          
           ___do_lbl00019   0x00b4ca    program     static                          
           ___do_lbl00020   0x00b4ee    program     static                          
           ___do_lbl00021   0x00b49c    program     static                          
           ___do_lbl00022   0x00b546    program     static                          
           ___do_lbl00023   0x00b56a    program     static                          
           ___do_lbl00024   0x00b518    program     static                          
           ___do_lbl00025   0x00b5c2    program     static                          
           ___do_lbl00026   0x00b5e6    program     static                          
           ___do_lbl00027   0x00b594    program     static                          
           ___if_lbl00019   0x00f194    program     static                          
           ___if_lbl00031   0x00f408    program     static                          
           ___if_lbl00185   0x00c82a    program     static                          
           ___if_lbl00186   0x00c84a    program     static                          
           ___if_lbl00187   0x00c860    program     static                          
           ___if_lbl00188   0x00c86c    program     static                          
           ___if_lbl00189   0x00c88c    program     static                          
           ___if_lbl00190   0x00c8b4    program     static                          
           ___if_lbl00191   0x00c8cc    program     static                          
           ___if_lbl00192   0x00c8d6    program     static                          
           ___if_lbl00193   0x00c8e0    program     static                          
           ___if_lbl00194   0x00c8ea    program     static                          
           ___if_lbl00195   0x00c8ea    program     static                          
           ___if_lbl00196   0x00c8ea    program     static                          
           ___if_lbl00197   0x00c8ea    program     static                          
       ___return_lbl00000   0x00b5e6    program     static                          
       ___return_lbl00000   0x014adc    program     static                          
       ___return_lbl00000   0x000004    program     static                          
       ___return_lbl00000   0x014b24    program     static                          
       ___return_lbl00000   0x014b8c    program     static                          
       ___return_lbl00001   0x014ba8    program     static                          
       ___return_lbl00002   0x014a6c    program     static                          
       ___return_lbl00003   0x00eb4a    program     static                          
       ___return_lbl00018   0x00f1c2    program     static                          
       ___return_lbl00028   0x00b608    program     static                          
       ___return_lbl00030   0x00f420    program     static                          
       ___return_lbl00061   0x00fa06    program     static                          
       ___return_lbl00062   0x00fa3e    program     static                          
       ___return_lbl00181   0x00000c    program     static                          
       ___return_lbl00182   0x00001c    program     static                          
       ___return_lbl00183   0x00c8ea    program     static                          
        ___while_lbl00029   0x00b5fc    program     static                          
        ___while_lbl00030   0x00b608    program     static                          
               __config_0   0x01fff8    program     static C:\_EC\_PROJ\4821 TCP-IP Driver\firm\V1-00\ap-main.c
               __config_1   0x01fff9    program     static C:\_EC\_PROJ\4821 TCP-IP Driver\firm\V1-00\ap-main.c
               __config_2   0x01fffa    program     static C:\_EC\_PROJ\4821 TCP-IP Driver\firm\V1-00\ap-main.c
               __config_3   0x01fffb    program     static C:\_EC\_PROJ\4821 TCP-IP Driver\firm\V1-00\ap-main.c
               __config_4   0x01fffc    program     static C:\_EC\_PROJ\4821 TCP-IP Driver\firm\V1-00\ap-main.c
               __config_5   0x01fffd    program     static C:\_EC\_PROJ\4821 TCP-IP Driver\firm\V1-00\ap-main.c
                   __init   0x000006    program     extern C:\MCC18\src\traditional\stdclib\__init.c
              __string_22   0x014baa    program     static C:\_EC\_PROJ\4821 TCP-IP Driver\firm\V1-00\eth-smtp.c
               __tmplbl_0   0x00c800    program     static                          
               __tmplbl_1   0x00c7fa    program     static                          
              __tmplbl_10   0x00e8c4    program     static                          
              __tmplbl_10   0x00a3c6    program     static                          
              __tmplbl_11   0x00e8c4    program     static                          
              __tmplbl_11   0x00a3c6    program     static                          
              __tmplbl_12   0x00e8aa    program     static                          
              __tmplbl_12   0x012cd6    program     static                          
              __tmplbl_12   0x00a3ac    program     static                          
              __tmplbl_13   0x00a366    program     static                          
              __tmplbl_13   0x00e864    program     static                          
              __tmplbl_13   0x012cd6    program     static                          
              __tmplbl_14   0x00a2ee    program     static                          
              __tmplbl_14   0x00e7ec    program     static                          
              __tmplbl_15   0x00a2a6    program     static                          
              __tmplbl_15   0x00e752    program     static                          
              __tmplbl_16   0x00a194    program     static                          
              __tmplbl_16   0x00e644    program     static                          
              __tmplbl_17   0x00e422    program     static                          
              __tmplbl_17   0x00a168    program     static                          
              __tmplbl_18   0x009ede    program     static                          
              __tmplbl_19   0x009e94    program     static                          
              __tmplbl_20   0x009e1c    program     static                          
              __tmplbl_21   0x009dd2    program     static                          
              __tmplbl_22   0x009cb0    program     static                          
              __tmplbl_23   0x009c66    program     static                          
              __tmplbl_24   0x009b2e    program     static                          
              __tmplbl_25   0x009ade    program     static                          
              __tmplbl_31   0x00e8c2    program     static                          
              __tmplbl_32   0x00e8c2    program     static                          
              __tmplbl_33   0x00e8c2    program     static                          
              __tmplbl_34   0x00e8c2    program     static                          
              __tmplbl_35   0x00e8c2    program     static                          
              __tmplbl_36   0x00e8c2    program     static                          
              __tmplbl_37   0x00e8c2    program     static                          
              __tmplbl_38   0x00e8c2    program     static                          
              __tmplbl_38   0x00a3c4    program     static                          
              __tmplbl_38   0x001986    program     static                          
              __tmplbl_39   0x00e8c2    program     static                          
              __tmplbl_39   0x00a3c4    program     static                          
              __tmplbl_39   0x0019c4    program     static                          
              __tmplbl_40   0x00a3c4    program     static                          
              __tmplbl_40   0x001986    program     static                          
              __tmplbl_40   0x00e8c2    program     static                          
              __tmplbl_41   0x00e8c2    program     static                          
              __tmplbl_41   0x00a3c4    program     static                          
              __tmplbl_42   0x00e8c2    program     static                          
              __tmplbl_42   0x00a3c4    program     static                          
              __tmplbl_43   0x00e8c4    program     static                          
              __tmplbl_43   0x00a3c4    program     static                          
              __tmplbl_44   0x00e8c2    program     static                          
              __tmplbl_44   0x00a3c4    program     static                          
              __tmplbl_45   0x00e8c2    program     static                          
              __tmplbl_45   0x00a3c4    program     static                          
              __tmplbl_46   0x00e8c2    program     static                          
              __tmplbl_46   0x00a3c4    program     static                          
              __tmplbl_47   0x00e8c2    program     static                          
              __tmplbl_47   0x00a3c4    program     static                          
              __tmplbl_48   0x00a3c4    program     static                          
              __tmplbl_48   0x00e8c4    program     static                          
              __tmplbl_49   0x00e8c2    program     static                          
              __tmplbl_49   0x00a3c4    program     static                          
               __tmplbl_5   0x012cd8    program     static                          
              __tmplbl_50   0x00a3c6    program     static                          
              __tmplbl_50   0x00e8c2    program     static                          
              __tmplbl_51   0x00e8c2    program     static                          
              __tmplbl_51   0x00a3c4    program     static                          
              __tmplbl_52   0x00e8c2    program     static                          
              __tmplbl_52   0x00a3c4    program     static                          
              __tmplbl_53   0x00e8c4    program     static                          
              __tmplbl_53   0x00a3c4    program     static                          
              __tmplbl_54   0x00a3c4    program     static                          
              __tmplbl_54   0x00e8c2    program     static                          
              __tmplbl_55   0x00a3c6    program     static                          
              __tmplbl_56   0x00a3c4    program     static                          
              __tmplbl_57   0x00a3c4    program     static                          
              __tmplbl_58   0x00a3c4    program     static                          
              __tmplbl_59   0x00a3c4    program     static                          
               __tmplbl_6   0x012cba    program     static                          
              __tmplbl_60   0x00a3c6    program     static                          
              __tmplbl_61   0x00a3c4    program     static                          
              __tmplbl_62   0x00a3c4    program     static                          
              __tmplbl_64   0x00a3c4    program     static                          
              __tmplbl_65   0x00a3c4    program     static                          
              __tmplbl_66   0x00a3c6    program     static                          
              __tmplbl_67   0x00a3c4    program     static                          
              __tmplbl_68   0x00a3c4    program     static                          
              __tmplbl_70   0x00a3c4    program     static                          
              __tmplbl_71   0x00a3c4    program     static                          
              __tmplbl_72   0x00a3c6    program     static                          
              __tmplbl_73   0x00a3c4    program     static                          
              __tmplbl_74   0x00a3c4    program     static                          
              __tmplbl_80   0x007362    program     static                          
              __tmplbl_81   0x007362    program     static                          
            __zero_memory   0x014bb8    program     extern C:\MCC18\src\traditional\proc\p18F97J60.asm
                _do_cinit   0x0149d0    program     extern C:\MCC18\src\traditional\startup\c018i.c
                   _entry   0x000000    program     extern C:\MCC18\src\traditional\startup\c018i.c
                   _false   0x014b20    program     static                          
                 _startup   0x014b8e    program     extern C:\MCC18\src\traditional\startup\c018i.c
           arp_initialise   0x012cec    program     extern C:\_EC\_PROJ\4821 TCP-IP Driver\firm\V1-00\eth-arp.c
  arp_is_resolve_complete   0x012d96    program     extern C:\_EC\_PROJ\4821 TCP-IP Driver\firm\V1-00\eth-arp.c
           arp_process_rx   0x012e82    program     extern C:\_EC\_PROJ\4821 TCP-IP Driver\firm\V1-00\eth-arp.c
   arp_resolve_ip_address   0x012d06    program     extern C:\_EC\_PROJ\4821 TCP-IP Driver\firm\V1-00\eth-arp.c
            arp_tx_packet   0x0131d4    program     extern C:\_EC\_PROJ\4821 TCP-IP Driver\firm\V1-00\eth-arp.c
             athighvector   0x000008    program     extern C:\_EC\_PROJ\4821 TCP-IP Driver\firm\V1-00\ap-main.c
              atlowvector   0x000018    program     extern C:\_EC\_PROJ\4821 TCP-IP Driver\firm\V1-00\ap-main.c
       check_dns_response   0x011802    program     extern C:\_EC\_PROJ\4821 TCP-IP Driver\firm\V1-00\eth-dns.c
               clear_loop   0x014bbe    program     static C:\MCC18\src\traditional\proc\p18F97J60.asm
convert_ascii_hex_to_byte   0x01170e    program     extern C:\_EC\_PROJ\4821 TCP-IP Driver\firm\V1-00\eth-main.c
   convert_ascii_to_dword   0x0112ae    program     extern C:\_EC\_PROJ\4821 TCP-IP Driver\firm\V1-00\eth-main.c
 convert_ascii_to_integer   0x0111d8    program     extern C:\_EC\_PROJ\4821 TCP-IP Driver\firm\V1-00\eth-main.c
convert_character_to_lower_case   0x010eba    program     extern C:\_EC\_PROJ\4821 TCP-IP Driver\firm\V1-00\eth-main.c
convert_character_to_upper_case   0x010ef2    program     extern C:\_EC\_PROJ\4821 TCP-IP Driver\firm\V1-00\eth-main.c
   convert_dword_to_ascii   0x011544    program     extern C:\_EC\_PROJ\4821 TCP-IP Driver\firm\V1-00\eth-main.c
convert_string_to_lower_case   0x010f2a    program     extern C:\_EC\_PROJ\4821 TCP-IP Driver\firm\V1-00\eth-main.c
    convert_word_to_ascii   0x0113ee    program     extern C:\_EC\_PROJ\4821 TCP-IP Driver\firm\V1-00\eth-main.c
                copy_loop   0x014a42    program     static                          
            copy_one_byte   0x014a48    program     static                          
copy_ram_string_to_ram_string   0x011164    program     extern C:\_EC\_PROJ\4821 TCP-IP Driver\firm\V1-00\eth-main.c
    default_pop3_password   0x0147ee    program     extern C:\_EC\_PROJ\4821 TCP-IP Driver\firm\V1-00\ap-main.h
      default_pop3_server   0x0147c6    program     extern C:\_EC\_PROJ\4821 TCP-IP Driver\firm\V1-00\ap-main.h
    default_pop3_username   0x0147db    program     extern C:\_EC\_PROJ\4821 TCP-IP Driver\firm\V1-00\ap-main.h
        default_smtp_from   0x014846    program     extern C:\_EC\_PROJ\4821 TCP-IP Driver\firm\V1-00\ap-main.h
    default_smtp_password   0x014822    program     extern C:\_EC\_PROJ\4821 TCP-IP Driver\firm\V1-00\ap-main.h
      default_smtp_server   0x0147fa    program     extern C:\_EC\_PROJ\4821 TCP-IP Driver\firm\V1-00\ap-main.h
     default_smtp_subject   0x014859    program     extern C:\_EC\_PROJ\4821 TCP-IP Driver\firm\V1-00\ap-main.h
          default_smtp_to   0x01482e    program     extern C:\_EC\_PROJ\4821 TCP-IP Driver\firm\V1-00\ap-main.h
    default_smtp_username   0x01480f    program     extern C:\_EC\_PROJ\4821 TCP-IP Driver\firm\V1-00\ap-main.h
          dhcp_initialise   0x00fa48    program     extern C:\_EC\_PROJ\4821 TCP-IP Driver\firm\V1-00\eth-dhcp.c
           dhcp_rx_packet   0x010220    program     extern C:\_EC\_PROJ\4821 TCP-IP Driver\firm\V1-00\eth-dhcp.c
           dhcp_tx_packet   0x00fdf0    program     extern C:\_EC\_PROJ\4821 TCP-IP Driver\firm\V1-00\eth-dhcp.c
       dns_check_response   0x011bd6    program     extern C:\_EC\_PROJ\4821 TCP-IP Driver\firm\V1-00\eth-dns.c
         dns_send_request   0x011a1e    program     extern C:\_EC\_PROJ\4821 TCP-IP Driver\firm\V1-00\eth-dns.c
             do_dns_query   0x01178c    program     extern C:\_EC\_PROJ\4821 TCP-IP Driver\firm\V1-00\eth-dns.c
                     done   0x014a6c    program     static                          
             done_copying   0x014a56    program     static                          
email_convert_3_bytes_to_base64   0x00a986    program     extern C:\_EC\_PROJ\4821 TCP-IP Driver\firm\V1-00\eth-smtp.c
email_convert_byte_to_base64_alphabet   0x00ac94    program     extern C:\_EC\_PROJ\4821 TCP-IP Driver\firm\V1-00\eth-smtp.c
  email_is_receive_active   0x00db42    program     extern C:\_EC\_PROJ\4821 TCP-IP Driver\firm\V1-00\eth-pop3.c
     email_is_send_active   0x00912c    program     extern C:\_EC\_PROJ\4821 TCP-IP Driver\firm\V1-00\eth-smtp.c
       email_process_pop3   0x00db54    program     extern C:\_EC\_PROJ\4821 TCP-IP Driver\firm\V1-00\eth-pop3.c
       email_process_smtp   0x00913e    program     extern C:\_EC\_PROJ\4821 TCP-IP Driver\firm\V1-00\eth-smtp.c
email_return_pop3_password   0x00ea28    program     extern C:\_EC\_PROJ\4821 TCP-IP Driver\firm\V1-00\eth-pop3.c
    email_return_pop3_url   0x00e900    program     extern C:\_EC\_PROJ\4821 TCP-IP Driver\firm\V1-00\eth-pop3.c
email_return_pop3_username   0x00e994    program     extern C:\_EC\_PROJ\4821 TCP-IP Driver\firm\V1-00\eth-pop3.c
email_return_smtp_password   0x00ae3e    program     extern C:\_EC\_PROJ\4821 TCP-IP Driver\firm\V1-00\eth-smtp.c
 email_return_smtp_sender   0x00af66    program     extern C:\_EC\_PROJ\4821 TCP-IP Driver\firm\V1-00\eth-smtp.c
email_return_smtp_subject   0x00affa    program     extern C:\_EC\_PROJ\4821 TCP-IP Driver\firm\V1-00\eth-smtp.c
     email_return_smtp_to   0x00aed2    program     extern C:\_EC\_PROJ\4821 TCP-IP Driver\firm\V1-00\eth-smtp.c
    email_return_smtp_url   0x00ad16    program     extern C:\_EC\_PROJ\4821 TCP-IP Driver\firm\V1-00\eth-smtp.c
email_return_smtp_username   0x00adaa    program     extern C:\_EC\_PROJ\4821 TCP-IP Driver\firm\V1-00\eth-smtp.c
      email_start_receive   0x00dafc    program     extern C:\_EC\_PROJ\4821 TCP-IP Driver\firm\V1-00\eth-pop3.c
         email_start_send   0x0090b4    program     extern C:\_EC\_PROJ\4821 TCP-IP Driver\firm\V1-00\eth-smtp.c
                  endloop   0x014b88    program     static                          
 find_character_in_string   0x010fb0    program     extern C:\_EC\_PROJ\4821 TCP-IP Driver\firm\V1-00\eth-main.c
find_string_in_string_no_case   0x011012    program     extern C:\_EC\_PROJ\4821 TCP-IP Driver\firm\V1-00\eth-main.c
html_name_pop3_check_mail   0x014760    program     extern C:\_EC\_PROJ\4821 TCP-IP Driver\firm\V1-00\ap-main.h
  html_name_pop3_password   0x014752    program     extern C:\_EC\_PROJ\4821 TCP-IP Driver\firm\V1-00\ap-main.h
    html_name_pop3_server   0x014738    program     extern C:\_EC\_PROJ\4821 TCP-IP Driver\firm\V1-00\ap-main.h
  html_name_pop3_username   0x014744    program     extern C:\_EC\_PROJ\4821 TCP-IP Driver\firm\V1-00\ap-main.h
      html_name_smtp_from   0x0147a0    program     extern C:\_EC\_PROJ\4821 TCP-IP Driver\firm\V1-00\ap-main.h
  html_name_smtp_password   0x01478a    program     extern C:\_EC\_PROJ\4821 TCP-IP Driver\firm\V1-00\ap-main.h
 html_name_smtp_send_mail   0x0147b7    program     extern C:\_EC\_PROJ\4821 TCP-IP Driver\firm\V1-00\ap-main.h
    html_name_smtp_server   0x014770    program     extern C:\_EC\_PROJ\4821 TCP-IP Driver\firm\V1-00\ap-main.h
   html_name_smtp_subject   0x0147aa    program     extern C:\_EC\_PROJ\4821 TCP-IP Driver\firm\V1-00\ap-main.h
        html_name_smtp_to   0x014798    program     extern C:\_EC\_PROJ\4821 TCP-IP Driver\firm\V1-00\ap-main.h
  html_name_smtp_username   0x01477c    program     extern C:\_EC\_PROJ\4821 TCP-IP Driver\firm\V1-00\ap-main.h
              http_base64   0x0037e9    program     extern C:\_EC\_PROJ\4821 TCP-IP Driver\firm\V1-00\eth-http.h
 http_content_disposition   0x003798    program     extern C:\_EC\_PROJ\4821 TCP-IP Driver\firm\V1-00\eth-http.h
      http_content_length   0x003766    program     extern C:\_EC\_PROJ\4821 TCP-IP Driver\firm\V1-00\eth-http.h
http_content_transfer_encoding   0x0037bd    program     extern C:\_EC\_PROJ\4821 TCP-IP Driver\firm\V1-00\eth-http.h
        http_content_type   0x003776    program     extern C:\_EC\_PROJ\4821 TCP-IP Driver\firm\V1-00\eth-http.h
http_content_type_file_extensions   0x003742    program     extern C:\_EC\_PROJ\4821 TCP-IP Driver\firm\V1-00\eth-http.h
http_convert_base64_to_bits   0x008c1e    program     extern C:\_EC\_PROJ\4821 TCP-IP Driver\firm\V1-00\eth-http.c
     http_filename_equals   0x0037b3    program     extern C:\_EC\_PROJ\4821 TCP-IP Driver\firm\V1-00\eth-http.h
          http_initialise   0x006542    program     extern C:\_EC\_PROJ\4821 TCP-IP Driver\firm\V1-00\eth-http.c
 http_multipart_form_data   0x003784    program     extern C:\_EC\_PROJ\4821 TCP-IP Driver\firm\V1-00\eth-http.h
         http_name_equals   0x0037ad    program     extern C:\_EC\_PROJ\4821 TCP-IP Driver\firm\V1-00\eth-http.h
      http_process_inputs   0x008c88    program     extern C:\_EC\_PROJ\4821 TCP-IP Driver\firm\V1-00\eth-http.c
http_process_post_check_for_multipart_header   0x0087fe    program     extern C:\_EC\_PROJ\4821 TCP-IP Driver\firm\V1-00\eth-http.c
http_process_post_decode_next_data_byte   0x008986    program     extern C:\_EC\_PROJ\4821 TCP-IP Driver\firm\V1-00\eth-http.c
http_process_post_message_body   0x0082da    program     extern C:\_EC\_PROJ\4821 TCP-IP Driver\firm\V1-00\eth-http.c
          http_process_rx   0x006a2e    program     extern C:\_EC\_PROJ\4821 TCP-IP Driver\firm\V1-00\eth-http.c
    http_quoted_printable   0x0037d8    program     extern C:\_EC\_PROJ\4821 TCP-IP Driver\firm\V1-00\eth-http.h
http_read_next_byte_to_buffer   0x008f96    program     extern C:\_EC\_PROJ\4821 TCP-IP Driver\firm\V1-00\eth-http.c
        http_response_200   0x00386e    program     extern C:\_EC\_PROJ\4821 TCP-IP Driver\firm\V1-00\eth-http.h
http_response_400_bad_request   0x003893    program     extern C:\_EC\_PROJ\4821 TCP-IP Driver\firm\V1-00\eth-http.h
http_response_404_not_found   0x0038f4    program     extern C:\_EC\_PROJ\4821 TCP-IP Driver\firm\V1-00\eth-http.h
http_response_501_not_implemented   0x003950    program     extern C:\_EC\_PROJ\4821 TCP-IP Driver\firm\V1-00\eth-http.h
http_response_503_unavailable   0x0039c0    program     extern C:\_EC\_PROJ\4821 TCP-IP Driver\firm\V1-00\eth-http.h
http_response_application_octetstream   0x003853    program     extern C:\_EC\_PROJ\4821 TCP-IP Driver\firm\V1-00\eth-http.h
http_response_audio_xwave   0x003844    program     extern C:\_EC\_PROJ\4821 TCP-IP Driver\firm\V1-00\eth-http.h
  http_response_image_gif   0x003809    program     extern C:\_EC\_PROJ\4821 TCP-IP Driver\firm\V1-00\eth-http.h
 http_response_image_jpeg   0x003815    program     extern C:\_EC\_PROJ\4821 TCP-IP Driver\firm\V1-00\eth-http.h
  http_response_image_png   0x003822    program     extern C:\_EC\_PROJ\4821 TCP-IP Driver\firm\V1-00\eth-http.h
   http_response_text_css   0x003839    program     extern C:\_EC\_PROJ\4821 TCP-IP Driver\firm\V1-00\eth-http.h
  http_response_text_html   0x0037fd    program     extern C:\_EC\_PROJ\4821 TCP-IP Driver\firm\V1-00\eth-http.h
 http_response_text_plain   0x0037f0    program     extern C:\_EC\_PROJ\4821 TCP-IP Driver\firm\V1-00\eth-http.h
   http_response_text_xml   0x00382e    program     extern C:\_EC\_PROJ\4821 TCP-IP Driver\firm\V1-00\eth-http.h
   http_send_const_string   0x009068    program     extern C:\_EC\_PROJ\4821 TCP-IP Driver\firm\V1-00\eth-http.c
      http_setup_response   0x007376    program     extern C:\_EC\_PROJ\4821 TCP-IP Driver\firm\V1-00\eth-http.c
http_transmit_error_response   0x008166    program     extern C:\_EC\_PROJ\4821 TCP-IP Driver\firm\V1-00\eth-http.c
http_transmit_next_response_packet   0x00796a    program     extern C:\_EC\_PROJ\4821 TCP-IP Driver\firm\V1-00\eth-http.c
icmp_process_received_echo_request   0x01411e    program     extern C:\_EC\_PROJ\4821 TCP-IP Driver\firm\V1-00\eth-icmp.c
         icmp_send_packet   0x01431a    program     extern C:\_EC\_PROJ\4821 TCP-IP Driver\firm\V1-00\eth-icmp.c
       images_ec_logo_jpg   0x00561f    program     extern C:\_EC\_PROJ\4821 TCP-IP Driver\firm\V1-00\html_c.h
                index_htm   0x003a3f    program     extern C:\_EC\_PROJ\4821 TCP-IP Driver\firm\V1-00\html_c.h
               initialise   0x00b08e    program     extern C:\_EC\_PROJ\4821 TCP-IP Driver\firm\V1-00\ap-main.c
            interruptisrh   0x00c7de    program     extern C:\_EC\_PROJ\4821 TCP-IP Driver\firm\V1-00\ap-main.c
            interruptisrl   0x00c8fc    program     extern C:\_EC\_PROJ\4821 TCP-IP Driver\firm\V1-00\ap-main.c
ip_add_bytes_to_ip_checksum   0x013acc    program     extern C:\_EC\_PROJ\4821 TCP-IP Driver\firm\V1-00\eth-ip.c
            ip_get_header   0x013538    program     extern C:\_EC\_PROJ\4821 TCP-IP Driver\firm\V1-00\eth-ip.c
             ip_tx_packet   0x0139fa    program     extern C:\_EC\_PROJ\4821 TCP-IP Driver\firm\V1-00\eth-ip.c
          ip_write_header   0x0138b6    program     extern C:\_EC\_PROJ\4821 TCP-IP Driver\firm\V1-00\eth-ip.c
                     loop   0x014b9e    program     static                          
                     loop   0x014aec    program     static                          
                     loop   0x014b6c    program     static                          
                     main   0x00b5fa    program     extern C:\_EC\_PROJ\4821 TCP-IP Driver\firm\V1-00\ap-main.c
mime_body_end_of_mime_string   0x01471c    program     extern C:\_EC\_PROJ\4821 TCP-IP Driver\firm\V1-00\eth-smtp.h
mime_body_file_header_string_1   0x014695    program     extern C:\_EC\_PROJ\4821 TCP-IP Driver\firm\V1-00\eth-smtp.h
mime_body_file_header_string_2   0x014716    program     extern C:\_EC\_PROJ\4821 TCP-IP Driver\firm\V1-00\eth-smtp.h
mime_header_for_text_string   0x0145f3    program     extern C:\_EC\_PROJ\4821 TCP-IP Driver\firm\V1-00\eth-smtp.h
  netbios_check_rx_packet   0x013d36    program     extern C:\_EC\_PROJ\4821 TCP-IP Driver\firm\V1-00\eth-netbios.c
    netbios_send_response   0x013fd8    program     extern C:\_EC\_PROJ\4821 TCP-IP Driver\firm\V1-00\eth-netbios.c
         nic_check_for_rx   0x00ef90    program     extern C:\_EC\_PROJ\4821 TCP-IP Driver\firm\V1-00\eth-nic.c
             nic_delay_ms   0x00eabc    program     extern C:\_EC\_PROJ\4821 TCP-IP Driver\firm\V1-00\eth-nic.c
           nic_initialise   0x00eb4c    program     extern C:\_EC\_PROJ\4821 TCP-IP Driver\firm\V1-00\eth-nic.c
         nic_move_pointer   0x00f22a    program     extern C:\_EC\_PROJ\4821 TCP-IP Driver\firm\V1-00\eth-nic.c
          nic_ok_to_do_tx   0x00f136    program     extern C:\_EC\_PROJ\4821 TCP-IP Driver\firm\V1-00\eth-nic.c
                 nic_read   0x00fa0e    program     static C:\_EC\_PROJ\4821 TCP-IP Driver\firm\V1-00\eth-nic.c
           nic_read_array   0x00f1ca    program     extern C:\_EC\_PROJ\4821 TCP-IP Driver\firm\V1-00\eth-nic.c
       nic_read_next_byte   0x00f172    program     extern C:\_EC\_PROJ\4821 TCP-IP Driver\firm\V1-00\eth-nic.c
                nic_reset   0x00eb22    program     extern C:\_EC\_PROJ\4821 TCP-IP Driver\firm\V1-00\eth-nic.c
       nic_rx_dump_packet   0x00f2fe    program     extern C:\_EC\_PROJ\4821 TCP-IP Driver\firm\V1-00\eth-nic.c
    nic_rx_overflow_clear   0x00f79e    program     extern C:\_EC\_PROJ\4821 TCP-IP Driver\firm\V1-00\eth-nic.c
      nic_setup_read_data   0x00f14e    program     extern C:\_EC\_PROJ\4821 TCP-IP Driver\firm\V1-00\eth-nic.c
             nic_setup_tx   0x00f328    program     extern C:\_EC\_PROJ\4821 TCP-IP Driver\firm\V1-00\eth-nic.c
                nic_write   0x00f9dc    program     static C:\_EC\_PROJ\4821 TCP-IP Driver\firm\V1-00\eth-nic.c
        nic_write_address   0x00f986    program     static C:\_EC\_PROJ\4821 TCP-IP Driver\firm\V1-00\eth-nic.c
          nic_write_array   0x00f428    program     extern C:\_EC\_PROJ\4821 TCP-IP Driver\firm\V1-00\eth-nic.c
      nic_write_next_byte   0x00f3f2    program     extern C:\_EC\_PROJ\4821 TCP-IP Driver\firm\V1-00\eth-nic.c
nic_write_tx_word_at_location   0x00f47a    program     extern C:\_EC\_PROJ\4821 TCP-IP Driver\firm\V1-00\eth-nic.c
            nix_tx_packet   0x00f714    program     extern C:\_EC\_PROJ\4821 TCP-IP Driver\firm\V1-00\eth-nic.c
pop3_email_progress_string_complete   0x014993    program     extern C:\_EC\_PROJ\4821 TCP-IP Driver\firm\V1-00\eth-pop3.h
pop3_email_progress_string_failed   0x0149aa    program     extern C:\_EC\_PROJ\4821 TCP-IP Driver\firm\V1-00\eth-pop3.h
pop3_email_progress_string_null   0x0148d9    program     extern C:\_EC\_PROJ\4821 TCP-IP Driver\firm\V1-00\eth-pop3.h
pop3_email_progress_string_wait_pop3_arp_resp   0x0148ec    program     extern C:\_EC\_PROJ\4821 TCP-IP Driver\firm\V1-00\eth-pop3.h
pop3_email_progress_string_wait_pop3_delete   0x01496d    program     extern C:\_EC\_PROJ\4821 TCP-IP Driver\firm\V1-00\eth-pop3.h
pop3_email_progress_string_wait_pop3_dns_resp   0x0148db    program     extern C:\_EC\_PROJ\4821 TCP-IP Driver\firm\V1-00\eth-pop3.h
pop3_email_progress_string_wait_pop3_greeting   0x014912    program     extern C:\_EC\_PROJ\4821 TCP-IP Driver\firm\V1-00\eth-pop3.h
pop3_email_progress_string_wait_pop3_header   0x01495e    program     extern C:\_EC\_PROJ\4821 TCP-IP Driver\firm\V1-00\eth-pop3.h
pop3_email_progress_string_wait_pop3_password   0x014938    program     extern C:\_EC\_PROJ\4821 TCP-IP Driver\firm\V1-00\eth-pop3.h
pop3_email_progress_string_wait_pop3_quit   0x014982    program     extern C:\_EC\_PROJ\4821 TCP-IP Driver\firm\V1-00\eth-pop3.h
pop3_email_progress_string_wait_pop3_stat   0x01494b    program     extern C:\_EC\_PROJ\4821 TCP-IP Driver\firm\V1-00\eth-pop3.h
pop3_email_progress_string_wait_pop3_tcp_conn   0x0148fd    program     extern C:\_EC\_PROJ\4821 TCP-IP Driver\firm\V1-00\eth-pop3.h
pop3_email_progress_string_wait_pop3_user   0x014925    program     extern C:\_EC\_PROJ\4821 TCP-IP Driver\firm\V1-00\eth-pop3.h
     pop3_reply_to_string   0x0149c0    program     extern C:\_EC\_PROJ\4821 TCP-IP Driver\firm\V1-00\eth-pop3.h
      pop3_subject_string   0x0149c6    program     extern C:\_EC\_PROJ\4821 TCP-IP Driver\firm\V1-00\eth-pop3.h
  process_demo_tcp_client   0x00bd1c    program     extern C:\_EC\_PROJ\4821 TCP-IP Driver\firm\V1-00\ap-main.c
  process_demo_tcp_server   0x00bb64    program     extern C:\_EC\_PROJ\4821 TCP-IP Driver\firm\V1-00\ap-main.c
  process_demo_udp_client   0x00b976    program     extern C:\_EC\_PROJ\4821 TCP-IP Driver\firm\V1-00\ap-main.c
  process_demo_udp_server   0x00b69e    program     extern C:\_EC\_PROJ\4821 TCP-IP Driver\firm\V1-00\ap-main.c
             process_dhcp   0x00fa76    program     extern C:\_EC\_PROJ\4821 TCP-IP Driver\firm\V1-00\eth-dhcp.c
              process_dns   0x011880    program     extern C:\_EC\_PROJ\4821 TCP-IP Driver\firm\V1-00\eth-dns.c
             process_http   0x006592    program     extern C:\_EC\_PROJ\4821 TCP-IP Driver\firm\V1-00\eth-http.c
process_http_authorise_request   0x00c178    program     extern C:\_EC\_PROJ\4821 TCP-IP Driver\firm\V1-00\ap-main.c
process_http_dynamic_data   0x00c18c    program     extern C:\_EC\_PROJ\4821 TCP-IP Driver\firm\V1-00\ap-main.c
      process_http_inputs   0x00c426    program     extern C:\_EC\_PROJ\4821 TCP-IP Driver\firm\V1-00\ap-main.c
process_http_multipart_form_data   0x00c7cc    program     extern C:\_EC\_PROJ\4821 TCP-IP Driver\firm\V1-00\ap-main.c
process_http_multipart_form_header   0x00c7bc    program     extern C:\_EC\_PROJ\4821 TCP-IP Driver\firm\V1-00\ap-main.c
process_http_multipart_form_last_section_done   0x00c7dc    program     extern C:\_EC\_PROJ\4821 TCP-IP Driver\firm\V1-00\ap-main.c
process_netbios_nameservice   0x013c3c    program     extern C:\_EC\_PROJ\4821 TCP-IP Driver\firm\V1-00\eth-netbios.c
process_pop3_received_email_line   0x00bf9a    program     extern C:\_EC\_PROJ\4821 TCP-IP Driver\firm\V1-00\ap-main.c
             process_sntp   0x012448    program     extern C:\_EC\_PROJ\4821 TCP-IP Driver\firm\V1-00\eth-sntp.c
              process_tcp   0x0001ba    program     extern C:\_EC\_PROJ\4821 TCP-IP Driver\firm\V1-00\eth-tcp.c
      process_tcp_segment   0x000c16    program     static C:\_EC\_PROJ\4821 TCP-IP Driver\firm\V1-00\eth-tcp.c
        process_user_mode   0x00b64a    program     extern C:\_EC\_PROJ\4821 TCP-IP Driver\firm\V1-00\ap-main.c
provide_smtp_next_data_byte   0x00bfc6    program     extern C:\_EC\_PROJ\4821 TCP-IP Driver\firm\V1-00\ap-main.c
            read_switches   0x00b60a    program     extern C:\_EC\_PROJ\4821 TCP-IP Driver\firm\V1-00\ap-main.c
     send_email_body_text   0x01486e    program     extern C:\_EC\_PROJ\4821 TCP-IP Driver\firm\V1-00\ap-main.c
send_email_file_attachment   0x014893    program     extern C:\_EC\_PROJ\4821 TCP-IP Driver\firm\V1-00\ap-main.c
 send_email_get_next_byte   0x00a402    program     extern C:\_EC\_PROJ\4821 TCP-IP Driver\firm\V1-00\eth-smtp.c
smtp_email_progress_string_complete   0x0145cc    program     extern C:\_EC\_PROJ\4821 TCP-IP Driver\firm\V1-00\eth-smtp.h
smtp_email_progress_string_failed   0x0145e0    program     extern C:\_EC\_PROJ\4821 TCP-IP Driver\firm\V1-00\eth-smtp.h
smtp_email_progress_string_null   0x0144b2    program     extern C:\_EC\_PROJ\4821 TCP-IP Driver\firm\V1-00\eth-smtp.h
smtp_email_progress_string_sending_smtp_data   0x014580    program     extern C:\_EC\_PROJ\4821 TCP-IP Driver\firm\V1-00\eth-smtp.h
smtp_email_progress_string_wait_smtp_arp_resp   0x0144c5    program     extern C:\_EC\_PROJ\4821 TCP-IP Driver\firm\V1-00\eth-smtp.h
smtp_email_progress_string_wait_smtp_auth_login   0x01450d    program     extern C:\_EC\_PROJ\4821 TCP-IP Driver\firm\V1-00\eth-smtp.h
smtp_email_progress_string_wait_smtp_data   0x01456d    program     extern C:\_EC\_PROJ\4821 TCP-IP Driver\firm\V1-00\eth-smtp.h
smtp_email_progress_string_wait_smtp_data_accepted   0x0145a7    program     extern C:\_EC\_PROJ\4821 TCP-IP Driver\firm\V1-00\eth-smtp.h
smtp_email_progress_string_wait_smtp_data_resp   0x014593    program     extern C:\_EC\_PROJ\4821 TCP-IP Driver\firm\V1-00\eth-smtp.h
smtp_email_progress_string_wait_smtp_dns_resp   0x0144b4    program     extern C:\_EC\_PROJ\4821 TCP-IP Driver\firm\V1-00\eth-smtp.h
smtp_email_progress_string_wait_smtp_from   0x014547    program     extern C:\_EC\_PROJ\4821 TCP-IP Driver\firm\V1-00\eth-smtp.h
smtp_email_progress_string_wait_smtp_greeting   0x0144eb    program     extern C:\_EC\_PROJ\4821 TCP-IP Driver\firm\V1-00\eth-smtp.h
smtp_email_progress_string_wait_smtp_helo   0x0144fe    program     extern C:\_EC\_PROJ\4821 TCP-IP Driver\firm\V1-00\eth-smtp.h
smtp_email_progress_string_wait_smtp_password   0x014534    program     extern C:\_EC\_PROJ\4821 TCP-IP Driver\firm\V1-00\eth-smtp.h
smtp_email_progress_string_wait_smtp_quit   0x0145bb    program     extern C:\_EC\_PROJ\4821 TCP-IP Driver\firm\V1-00\eth-smtp.h
smtp_email_progress_string_wait_smtp_tcp_conn   0x0144d6    program     extern C:\_EC\_PROJ\4821 TCP-IP Driver\firm\V1-00\eth-smtp.h
smtp_email_progress_string_wait_smtp_to   0x01455b    program     extern C:\_EC\_PROJ\4821 TCP-IP Driver\firm\V1-00\eth-smtp.h
smtp_email_progress_string_wait_smtp_username   0x014521    program     extern C:\_EC\_PROJ\4821 TCP-IP Driver\firm\V1-00\eth-smtp.h
            sntp_get_time   0x012414    program     extern C:\_EC\_PROJ\4821 TCP-IP Driver\firm\V1-00\eth-sntp.c
  sntp_is_get_time_active   0x012436    program     extern C:\_EC\_PROJ\4821 TCP-IP Driver\firm\V1-00\eth-sntp.c
sntp_send_receive_handler   0x00bf70    program     extern C:\_EC\_PROJ\4821 TCP-IP Driver\firm\V1-00\ap-main.c
  sntp_server_domain_name   0x014bc6    program     extern C:\_EC\_PROJ\4821 TCP-IP Driver\firm\V1-00\eth-sntp.h
         swap_dword_bytes   0x010e26    program     extern C:\_EC\_PROJ\4821 TCP-IP Driver\firm\V1-00\eth-main.c
          swap_tcp_header   0x003512    program     static C:\_EC\_PROJ\4821 TCP-IP Driver\firm\V1-00\eth-tcp.c
          swap_word_bytes   0x010dd2    program     extern C:\_EC\_PROJ\4821 TCP-IP Driver\firm\V1-00\eth-main.c
  tcp_check_socket_for_rx   0x0033a0    program     extern C:\_EC\_PROJ\4821 TCP-IP Driver\firm\V1-00\eth-tcp.c
         tcp_close_socket   0x002654    program     extern C:\_EC\_PROJ\4821 TCP-IP Driver\firm\V1-00\eth-tcp.c
tcp_close_socket_from_listen   0x0027d0    program     extern C:\_EC\_PROJ\4821 TCP-IP Driver\firm\V1-00\eth-tcp.c
       tcp_connect_socket   0x001f26    program     extern C:\_EC\_PROJ\4821 TCP-IP Driver\firm\V1-00\eth-tcp.c
tcp_connect_socket_send_syn_request   0x00247c    program     extern C:\_EC\_PROJ\4821 TCP-IP Driver\firm\V1-00\eth-tcp.c
tcp_does_socket_require_resend_of_last_packet   0x003344    program     extern C:\_EC\_PROJ\4821 TCP-IP Driver\firm\V1-00\eth-tcp.c
       tcp_dump_rx_packet   0x0034ea    program     extern C:\_EC\_PROJ\4821 TCP-IP Driver\firm\V1-00\eth-tcp.c
           tcp_initialise   0x000098    program     extern C:\_EC\_PROJ\4821 TCP-IP Driver\firm\V1-00\eth-tcp.c
        tcp_ip_initialise   0x0109b2    program     extern C:\_EC\_PROJ\4821 TCP-IP Driver\firm\V1-00\eth-main.c
     tcp_ip_process_stack   0x0109d4    program     extern C:\_EC\_PROJ\4821 TCP-IP Driver\firm\V1-00\eth-main.c
     tcp_is_socket_closed   0x002826    program     extern C:\_EC\_PROJ\4821 TCP-IP Driver\firm\V1-00\eth-tcp.c
  tcp_is_socket_connected   0x002534    program     extern C:\_EC\_PROJ\4821 TCP-IP Driver\firm\V1-00\eth-tcp.c
tcp_is_socket_ready_to_tx_new_packet   0x00285a    program     extern C:\_EC\_PROJ\4821 TCP-IP Driver\firm\V1-00\eth-tcp.c
tcp_open_socket_to_listen   0x001da6    program     extern C:\_EC\_PROJ\4821 TCP-IP Driver\firm\V1-00\eth-tcp.c
           tcp_process_rx   0x0007aa    program     extern C:\_EC\_PROJ\4821 TCP-IP Driver\firm\V1-00\eth-tcp.c
    tcp_read_next_rx_byte   0x0033c6    program     extern C:\_EC\_PROJ\4821 TCP-IP Driver\firm\V1-00\eth-tcp.c
        tcp_read_rx_array   0x003440    program     extern C:\_EC\_PROJ\4821 TCP-IP Driver\firm\V1-00\eth-tcp.c
tcp_request_disconnect_socket   0x00256a    program     extern C:\_EC\_PROJ\4821 TCP-IP Driver\firm\V1-00\eth-tcp.c
tcp_rx_check_for_matches_socket   0x0019dc    program     static C:\_EC\_PROJ\4821 TCP-IP Driver\firm\V1-00\eth-tcp.c
tcp_send_command_packet_from_socket   0x00297c    program     extern C:\_EC\_PROJ\4821 TCP-IP Driver\firm\V1-00\eth-tcp.c
tcp_send_command_packet_no_socket   0x0028ec    program     extern C:\_EC\_PROJ\4821 TCP-IP Driver\firm\V1-00\eth-tcp.c
      tcp_setup_socket_tx   0x002b8a    program     extern C:\_EC\_PROJ\4821 TCP-IP Driver\firm\V1-00\eth-tcp.c
             tcp_setup_tx   0x002d98    program     extern C:\_EC\_PROJ\4821 TCP-IP Driver\firm\V1-00\eth-tcp.c
     tcp_socket_tx_packet   0x003124    program     extern C:\_EC\_PROJ\4821 TCP-IP Driver\firm\V1-00\eth-tcp.c
            tcp_tx_packet   0x00327e    program     extern C:\_EC\_PROJ\4821 TCP-IP Driver\firm\V1-00\eth-tcp.c
          tcp_write_array   0x003080    program     extern C:\_EC\_PROJ\4821 TCP-IP Driver\firm\V1-00\eth-tcp.c
      tcp_write_next_byte   0x00301a    program     extern C:\_EC\_PROJ\4821 TCP-IP Driver\firm\V1-00\eth-tcp.c
                     test   0x0149ea    program     static                          
  udp_check_socket_for_rx   0x00d5b2    program     extern C:\_EC\_PROJ\4821 TCP-IP Driver\firm\V1-00\eth-udp.c
         udp_close_socket   0x00d524    program     extern C:\_EC\_PROJ\4821 TCP-IP Driver\firm\V1-00\eth-udp.c
       udp_dump_rx_packet   0x00d6fc    program     extern C:\_EC\_PROJ\4821 TCP-IP Driver\firm\V1-00\eth-udp.c
           udp_initialise   0x00c922    program     extern C:\_EC\_PROJ\4821 TCP-IP Driver\firm\V1-00\eth-udp.c
          udp_open_socket   0x00d1fe    program     extern C:\_EC\_PROJ\4821 TCP-IP Driver\firm\V1-00\eth-udp.c
           udp_process_rx   0x00c966    program     extern C:\_EC\_PROJ\4821 TCP-IP Driver\firm\V1-00\eth-udp.c
    udp_read_next_rx_byte   0x00d5d8    program     extern C:\_EC\_PROJ\4821 TCP-IP Driver\firm\V1-00\eth-udp.c
        udp_read_rx_array   0x00d652    program     extern C:\_EC\_PROJ\4821 TCP-IP Driver\firm\V1-00\eth-udp.c
udp_rx_check_for_matches_socket   0x00d074    program     static C:\_EC\_PROJ\4821 TCP-IP Driver\firm\V1-00\eth-udp.c
             udp_setup_tx   0x00d724    program     extern C:\_EC\_PROJ\4821 TCP-IP Driver\firm\V1-00\eth-udp.c
            udp_tx_packet   0x00d9f4    program     extern C:\_EC\_PROJ\4821 TCP-IP Driver\firm\V1-00\eth-udp.c
          udp_write_array   0x00d992    program     extern C:\_EC\_PROJ\4821 TCP-IP Driver\firm\V1-00\eth-udp.c
      udp_write_next_byte   0x00d94a    program     extern C:\_EC\_PROJ\4821 TCP-IP Driver\firm\V1-00\eth-udp.c
  write_eth_header_to_nic   0x00f5fc    program     extern C:\_EC\_PROJ\4821 TCP-IP Driver\firm\V1-00\eth-nic.c
                   ADCON0   0x000fc2       data     extern C:\MCC18\src\traditional\proc\p18F97J60.asm
               ADCON0bits   0x000fc2       data     extern C:\MCC18\src\traditional\proc\p18F97J60.asm
                   ADCON1   0x000fc1       data     extern C:\MCC18\src\traditional\proc\p18F97J60.asm
               ADCON1bits   0x000fc1       data     extern C:\MCC18\src\traditional\proc\p18F97J60.asm
                   ADCON2   0x000fc0       data     extern C:\MCC18\src\traditional\proc\p18F97J60.asm
               ADCON2bits   0x000fc0       data     extern C:\MCC18\src\traditional\proc\p18F97J60.asm
                    ADRES   0x000fc3       data     extern C:\MCC18\src\traditional\proc\p18F97J60.asm
                   ADRESH   0x000fc4       data     extern C:\MCC18\src\traditional\proc\p18F97J60.asm
                   ADRESL   0x000fc3       data     extern C:\MCC18\src\traditional\proc\p18F97J60.asm
                  BAUDCON   0x000f7e       data     extern C:\MCC18\src\traditional\proc\p18F97J60.asm
                 BAUDCON1   0x000f7e       data     extern C:\MCC18\src\traditional\proc\p18F97J60.asm
             BAUDCON1bits   0x000f7e       data     extern C:\MCC18\src\traditional\proc\p18F97J60.asm
                 BAUDCON2   0x000f7c       data     extern C:\MCC18\src\traditional\proc\p18F97J60.asm
             BAUDCON2bits   0x000f7c       data     extern C:\MCC18\src\traditional\proc\p18F97J60.asm
              BAUDCONbits   0x000f7e       data     extern C:\MCC18\src\traditional\proc\p18F97J60.asm
                  BAUDCTL   0x000f7e       data     extern C:\MCC18\src\traditional\proc\p18F97J60.asm
                 BAUDCTL1   0x000f7e       data     extern C:\MCC18\src\traditional\proc\p18F97J60.asm
             BAUDCTL1bits   0x000f7e       data     extern C:\MCC18\src\traditional\proc\p18F97J60.asm
                 BAUDCTL2   0x000f7c       data     extern C:\MCC18\src\traditional\proc\p18F97J60.asm
             BAUDCTL2bits   0x000f7c       data     extern C:\MCC18\src\traditional\proc\p18F97J60.asm
              BAUDCTLbits   0x000f7e       data     extern C:\MCC18\src\traditional\proc\p18F97J60.asm
                      BSR   0x000fe0       data     extern C:\MCC18\src\traditional\proc\p18F97J60.asm
                  CCP1CON   0x000fbd       data     extern C:\MCC18\src\traditional\proc\p18F97J60.asm
              CCP1CONbits   0x000fbd       data     extern C:\MCC18\src\traditional\proc\p18F97J60.asm
                  CCP2CON   0x000fba       data     extern C:\MCC18\src\traditional\proc\p18F97J60.asm
              CCP2CONbits   0x000fba       data     extern C:\MCC18\src\traditional\proc\p18F97J60.asm
                  CCP3CON   0x000fb7       data     extern C:\MCC18\src\traditional\proc\p18F97J60.asm
              CCP3CONbits   0x000fb7       data     extern C:\MCC18\src\traditional\proc\p18F97J60.asm
                  CCP4CON   0x000f73       data     extern C:\MCC18\src\traditional\proc\p18F97J60.asm
              CCP4CONbits   0x000f73       data     extern C:\MCC18\src\traditional\proc\p18F97J60.asm
                  CCP5CON   0x000f70       data     extern C:\MCC18\src\traditional\proc\p18F97J60.asm
              CCP5CONbits   0x000f70       data     extern C:\MCC18\src\traditional\proc\p18F97J60.asm
                    CCPR1   0x000fbe       data     extern C:\MCC18\src\traditional\proc\p18F97J60.asm
                   CCPR1H   0x000fbf       data     extern C:\MCC18\src\traditional\proc\p18F97J60.asm
                   CCPR1L   0x000fbe       data     extern C:\MCC18\src\traditional\proc\p18F97J60.asm
                    CCPR2   0x000fbb       data     extern C:\MCC18\src\traditional\proc\p18F97J60.asm
                   CCPR2H   0x000fbc       data     extern C:\MCC18\src\traditional\proc\p18F97J60.asm
                   CCPR2L   0x000fbb       data     extern C:\MCC18\src\traditional\proc\p18F97J60.asm
                    CCPR3   0x000fb8       data     extern C:\MCC18\src\traditional\proc\p18F97J60.asm
                   CCPR3H   0x000fb9       data     extern C:\MCC18\src\traditional\proc\p18F97J60.asm
                   CCPR3L   0x000fb8       data     extern C:\MCC18\src\traditional\proc\p18F97J60.asm
                    CCPR4   0x000f74       data     extern C:\MCC18\src\traditional\proc\p18F97J60.asm
                   CCPR4H   0x000f75       data     extern C:\MCC18\src\traditional\proc\p18F97J60.asm
                   CCPR4L   0x000f74       data     extern C:\MCC18\src\traditional\proc\p18F97J60.asm
                    CCPR5   0x000f71       data     extern C:\MCC18\src\traditional\proc\p18F97J60.asm
                   CCPR5H   0x000f72       data     extern C:\MCC18\src\traditional\proc\p18F97J60.asm
                   CCPR5L   0x000f71       data     extern C:\MCC18\src\traditional\proc\p18F97J60.asm
                    CMCON   0x000fb4       data     extern C:\MCC18\src\traditional\proc\p18F97J60.asm
                CMCONbits   0x000fb4       data     extern C:\MCC18\src\traditional\proc\p18F97J60.asm
                   CVRCON   0x000fb5       data     extern C:\MCC18\src\traditional\proc\p18F97J60.asm
               CVRCONbits   0x000fb5       data     extern C:\MCC18\src\traditional\proc\p18F97J60.asm
                     DDRA   0x000f92       data     extern C:\MCC18\src\traditional\proc\p18F97J60.asm
                 DDRAbits   0x000f92       data     extern C:\MCC18\src\traditional\proc\p18F97J60.asm
                     DDRB   0x000f93       data     extern C:\MCC18\src\traditional\proc\p18F97J60.asm
                 DDRBbits   0x000f93       data     extern C:\MCC18\src\traditional\proc\p18F97J60.asm
                     DDRC   0x000f94       data     extern C:\MCC18\src\traditional\proc\p18F97J60.asm
                 DDRCbits   0x000f94       data     extern C:\MCC18\src\traditional\proc\p18F97J60.asm
                     DDRD   0x000f95       data     extern C:\MCC18\src\traditional\proc\p18F97J60.asm
                 DDRDbits   0x000f95       data     extern C:\MCC18\src\traditional\proc\p18F97J60.asm
                     DDRE   0x000f96       data     extern C:\MCC18\src\traditional\proc\p18F97J60.asm
                 DDREbits   0x000f96       data     extern C:\MCC18\src\traditional\proc\p18F97J60.asm
                     DDRF   0x000f97       data     extern C:\MCC18\src\traditional\proc\p18F97J60.asm
                 DDRFbits   0x000f97       data     extern C:\MCC18\src\traditional\proc\p18F97J60.asm
                     DDRG   0x000f98       data     extern C:\MCC18\src\traditional\proc\p18F97J60.asm
                 DDRGbits   0x000f98       data     extern C:\MCC18\src\traditional\proc\p18F97J60.asm
                     DDRH   0x000f99       data     extern C:\MCC18\src\traditional\proc\p18F97J60.asm
                 DDRHbits   0x000f99       data     extern C:\MCC18\src\traditional\proc\p18F97J60.asm
                     DDRJ   0x000f9a       data     extern C:\MCC18\src\traditional\proc\p18F97J60.asm
                 DDRJbits   0x000f9a       data     extern C:\MCC18\src\traditional\proc\p18F97J60.asm
            DNSServerNode   0x000e01       data     extern C:\_EC\_PROJ\4821 TCP-IP Driver\firm\V1-00\eth-dns.h
                  ECCP1AS   0x000fb6       data     extern C:\MCC18\src\traditional\proc\p18F97J60.asm
              ECCP1ASbits   0x000fb6       data     extern C:\MCC18\src\traditional\proc\p18F97J60.asm
                 ECCP1CON   0x000fbd       data     extern C:\MCC18\src\traditional\proc\p18F97J60.asm
             ECCP1CONbits   0x000fbd       data     extern C:\MCC18\src\traditional\proc\p18F97J60.asm
                 ECCP1DEL   0x000f79       data     extern C:\MCC18\src\traditional\proc\p18F97J60.asm
             ECCP1DELbits   0x000f79       data     extern C:\MCC18\src\traditional\proc\p18F97J60.asm
                  ECCP2AS   0x000f68       data     extern C:\MCC18\src\traditional\proc\p18F97J60.asm
              ECCP2ASbits   0x000f68       data     extern C:\MCC18\src\traditional\proc\p18F97J60.asm
                 ECCP2CON   0x000fba       data     extern C:\MCC18\src\traditional\proc\p18F97J60.asm
             ECCP2CONbits   0x000fba       data     extern C:\MCC18\src\traditional\proc\p18F97J60.asm
                 ECCP2DEL   0x000f67       data     extern C:\MCC18\src\traditional\proc\p18F97J60.asm
             ECCP2DELbits   0x000f67       data     extern C:\MCC18\src\traditional\proc\p18F97J60.asm
                  ECCP3AS   0x000f6a       data     extern C:\MCC18\src\traditional\proc\p18F97J60.asm
              ECCP3ASbits   0x000f6a       data     extern C:\MCC18\src\traditional\proc\p18F97J60.asm
                 ECCP3CON   0x000fb7       data     extern C:\MCC18\src\traditional\proc\p18F97J60.asm
             ECCP3CONbits   0x000fb7       data     extern C:\MCC18\src\traditional\proc\p18F97J60.asm
                 ECCP3DEL   0x000f69       data     extern C:\MCC18\src\traditional\proc\p18F97J60.asm
             ECCP3DELbits   0x000f69       data     extern C:\MCC18\src\traditional\proc\p18F97J60.asm
                    ECON1   0x000fd2       data     extern C:\MCC18\src\traditional\proc\p18F97J60.asm
                ECON1bits   0x000fd2       data     extern C:\MCC18\src\traditional\proc\p18F97J60.asm
                    ECON2   0x000efe       data     extern C:\MCC18\src\traditional\proc\p18F97J60.asm
                ECON2bits   0x000efe       data     extern C:\MCC18\src\traditional\proc\p18F97J60.asm
                    EDATA   0x000f61       data     extern C:\MCC18\src\traditional\proc\p18F97J60.asm
                EDATAbits   0x000f61       data     extern C:\MCC18\src\traditional\proc\p18F97J60.asm
                   EDMACS   0x000ef6       data     extern C:\MCC18\src\traditional\proc\p18F97J60.asm
                  EDMACSH   0x000ef7       data     extern C:\MCC18\src\traditional\proc\p18F97J60.asm
                  EDMACSL   0x000ef6       data     extern C:\MCC18\src\traditional\proc\p18F97J60.asm
                  EDMADST   0x000ef4       data     extern C:\MCC18\src\traditional\proc\p18F97J60.asm
                 EDMADSTH   0x000ef5       data     extern C:\MCC18\src\traditional\proc\p18F97J60.asm
                 EDMADSTL   0x000ef4       data     extern C:\MCC18\src\traditional\proc\p18F97J60.asm
                   EDMAND   0x000ef2       data     extern C:\MCC18\src\traditional\proc\p18F97J60.asm
                  EDMANDH   0x000ef3       data     extern C:\MCC18\src\traditional\proc\p18F97J60.asm
                  EDMANDL   0x000ef2       data     extern C:\MCC18\src\traditional\proc\p18F97J60.asm
                   EDMAST   0x000ef0       data     extern C:\MCC18\src\traditional\proc\p18F97J60.asm
                  EDMASTH   0x000ef1       data     extern C:\MCC18\src\traditional\proc\p18F97J60.asm
                  EDMASTL   0x000ef0       data     extern C:\MCC18\src\traditional\proc\p18F97J60.asm
                   EECON1   0x000fa6       data     extern C:\MCC18\src\traditional\proc\p18F97J60.asm
               EECON1bits   0x000fa6       data     extern C:\MCC18\src\traditional\proc\p18F97J60.asm
                   EECON2   0x000fa7       data     extern C:\MCC18\src\traditional\proc\p18F97J60.asm
                  EFLOCON   0x000e97       data     extern C:\MCC18\src\traditional\proc\p18F97J60.asm
              EFLOCONbits   0x000e97       data     extern C:\MCC18\src\traditional\proc\p18F97J60.asm
                     EHT0   0x000ec0       data     extern C:\MCC18\src\traditional\proc\p18F97J60.asm
                     EHT1   0x000ec1       data     extern C:\MCC18\src\traditional\proc\p18F97J60.asm
                     EHT2   0x000ec2       data     extern C:\MCC18\src\traditional\proc\p18F97J60.asm
                     EHT3   0x000ec3       data     extern C:\MCC18\src\traditional\proc\p18F97J60.asm
                     EHT4   0x000ec4       data     extern C:\MCC18\src\traditional\proc\p18F97J60.asm
                     EHT5   0x000ec5       data     extern C:\MCC18\src\traditional\proc\p18F97J60.asm
                     EHT6   0x000ec6       data     extern C:\MCC18\src\traditional\proc\p18F97J60.asm
                     EHT7   0x000ec7       data     extern C:\MCC18\src\traditional\proc\p18F97J60.asm
                      EIE   0x000efb       data     extern C:\MCC18\src\traditional\proc\p18F97J60.asm
                  EIEbits   0x000efb       data     extern C:\MCC18\src\traditional\proc\p18F97J60.asm
                      EIR   0x000f60       data     extern C:\MCC18\src\traditional\proc\p18F97J60.asm
                  EIRbits   0x000f60       data     extern C:\MCC18\src\traditional\proc\p18F97J60.asm
                    EPAUS   0x000e98       data     extern C:\MCC18\src\traditional\proc\p18F97J60.asm
                   EPAUSH   0x000e99       data     extern C:\MCC18\src\traditional\proc\p18F97J60.asm
                   EPAUSL   0x000e98       data     extern C:\MCC18\src\traditional\proc\p18F97J60.asm
                  EPKTCNT   0x000ed9       data     extern C:\MCC18\src\traditional\proc\p18F97J60.asm
                    EPMCS   0x000ed0       data     extern C:\MCC18\src\traditional\proc\p18F97J60.asm
                   EPMCSH   0x000ed1       data     extern C:\MCC18\src\traditional\proc\p18F97J60.asm
                   EPMCSL   0x000ed0       data     extern C:\MCC18\src\traditional\proc\p18F97J60.asm
                    EPMM0   0x000ec8       data     extern C:\MCC18\src\traditional\proc\p18F97J60.asm
                    EPMM1   0x000ec9       data     extern C:\MCC18\src\traditional\proc\p18F97J60.asm
                    EPMM2   0x000eca       data     extern C:\MCC18\src\traditional\proc\p18F97J60.asm
                    EPMM3   0x000ecb       data     extern C:\MCC18\src\traditional\proc\p18F97J60.asm
                    EPMM4   0x000ecc       data     extern C:\MCC18\src\traditional\proc\p18F97J60.asm
                    EPMM5   0x000ecd       data     extern C:\MCC18\src\traditional\proc\p18F97J60.asm
                    EPMM6   0x000ece       data     extern C:\MCC18\src\traditional\proc\p18F97J60.asm
                    EPMM7   0x000ecf       data     extern C:\MCC18\src\traditional\proc\p18F97J60.asm
                     EPMO   0x000ed4       data     extern C:\MCC18\src\traditional\proc\p18F97J60.asm
                    EPMOH   0x000ed5       data     extern C:\MCC18\src\traditional\proc\p18F97J60.asm
                    EPMOL   0x000ed4       data     extern C:\MCC18\src\traditional\proc\p18F97J60.asm
                    ERDPT   0x000f7a       data     extern C:\MCC18\src\traditional\proc\p18F97J60.asm
                   ERDPTH   0x000f7b       data     extern C:\MCC18\src\traditional\proc\p18F97J60.asm
                   ERDPTL   0x000f7a       data     extern C:\MCC18\src\traditional\proc\p18F97J60.asm
                  ERXFCON   0x000ed8       data     extern C:\MCC18\src\traditional\proc\p18F97J60.asm
              ERXFCONbits   0x000ed8       data     extern C:\MCC18\src\traditional\proc\p18F97J60.asm
                    ERXND   0x000eea       data     extern C:\MCC18\src\traditional\proc\p18F97J60.asm
                   ERXNDH   0x000eeb       data     extern C:\MCC18\src\traditional\proc\p18F97J60.asm
                   ERXNDL   0x000eea       data     extern C:\MCC18\src\traditional\proc\p18F97J60.asm
                  ERXRDPT   0x000eec       data     extern C:\MCC18\src\traditional\proc\p18F97J60.asm
                 ERXRDPTH   0x000eed       data     extern C:\MCC18\src\traditional\proc\p18F97J60.asm
                 ERXRDPTL   0x000eec       data     extern C:\MCC18\src\traditional\proc\p18F97J60.asm
                    ERXST   0x000ee8       data     extern C:\MCC18\src\traditional\proc\p18F97J60.asm
                   ERXSTH   0x000ee9       data     extern C:\MCC18\src\traditional\proc\p18F97J60.asm
                   ERXSTL   0x000ee8       data     extern C:\MCC18\src\traditional\proc\p18F97J60.asm
                  ERXWRPT   0x000eee       data     extern C:\MCC18\src\traditional\proc\p18F97J60.asm
                 ERXWRPTH   0x000eef       data     extern C:\MCC18\src\traditional\proc\p18F97J60.asm
                 ERXWRPTL   0x000eee       data     extern C:\MCC18\src\traditional\proc\p18F97J60.asm
                    ESTAT   0x000efd       data     extern C:\MCC18\src\traditional\proc\p18F97J60.asm
                ESTATbits   0x000efd       data     extern C:\MCC18\src\traditional\proc\p18F97J60.asm
                    ETXND   0x000ee6       data     extern C:\MCC18\src\traditional\proc\p18F97J60.asm
                   ETXNDH   0x000ee7       data     extern C:\MCC18\src\traditional\proc\p18F97J60.asm
                   ETXNDL   0x000ee6       data     extern C:\MCC18\src\traditional\proc\p18F97J60.asm
                    ETXST   0x000ee4       data     extern C:\MCC18\src\traditional\proc\p18F97J60.asm
                   ETXSTH   0x000ee5       data     extern C:\MCC18\src\traditional\proc\p18F97J60.asm
                   ETXSTL   0x000ee4       data     extern C:\MCC18\src\traditional\proc\p18F97J60.asm
                    EWRPT   0x000ee2       data     extern C:\MCC18\src\traditional\proc\p18F97J60.asm
                   EWRPTH   0x000ee3       data     extern C:\MCC18\src\traditional\proc\p18F97J60.asm
                   EWRPTL   0x000ee2       data     extern C:\MCC18\src\traditional\proc\p18F97J60.asm
                     FSR0   0x000fe9       data     extern C:\MCC18\src\traditional\proc\p18F97J60.asm
                    FSR0H   0x000fea       data     extern C:\MCC18\src\traditional\proc\p18F97J60.asm
                    FSR0L   0x000fe9       data     extern C:\MCC18\src\traditional\proc\p18F97J60.asm
                     FSR1   0x000fe1       data     extern C:\MCC18\src\traditional\proc\p18F97J60.asm
                    FSR1H   0x000fe2       data     extern C:\MCC18\src\traditional\proc\p18F97J60.asm
                    FSR1L   0x000fe1       data     extern C:\MCC18\src\traditional\proc\p18F97J60.asm
                     FSR2   0x000fd9       data     extern C:\MCC18\src\traditional\proc\p18F97J60.asm
                    FSR2H   0x000fda       data     extern C:\MCC18\src\traditional\proc\p18F97J60.asm
                    FSR2L   0x000fd9       data     extern C:\MCC18\src\traditional\proc\p18F97J60.asm
                    INDF0   0x000fef       data     extern C:\MCC18\src\traditional\proc\p18F97J60.asm
                    INDF1   0x000fe7       data     extern C:\MCC18\src\traditional\proc\p18F97J60.asm
                    INDF2   0x000fdf       data     extern C:\MCC18\src\traditional\proc\p18F97J60.asm
                   INTCON   0x000ff2       data     extern C:\MCC18\src\traditional\proc\p18F97J60.asm
                  INTCON2   0x000ff1       data     extern C:\MCC18\src\traditional\proc\p18F97J60.asm
              INTCON2bits   0x000ff1       data     extern C:\MCC18\src\traditional\proc\p18F97J60.asm
                  INTCON3   0x000ff0       data     extern C:\MCC18\src\traditional\proc\p18F97J60.asm
              INTCON3bits   0x000ff0       data     extern C:\MCC18\src\traditional\proc\p18F97J60.asm
               INTCONbits   0x000ff2       data     extern C:\MCC18\src\traditional\proc\p18F97J60.asm
                     IPR1   0x000f9f       data     extern C:\MCC18\src\traditional\proc\p18F97J60.asm
                 IPR1bits   0x000f9f       data     extern C:\MCC18\src\traditional\proc\p18F97J60.asm
                     IPR2   0x000fa2       data     extern C:\MCC18\src\traditional\proc\p18F97J60.asm
                 IPR2bits   0x000fa2       data     extern C:\MCC18\src\traditional\proc\p18F97J60.asm
                     IPR3   0x000fa5       data     extern C:\MCC18\src\traditional\proc\p18F97J60.asm
                 IPR3bits   0x000fa5       data     extern C:\MCC18\src\traditional\proc\p18F97J60.asm
                     LATA   0x000f89       data     extern C:\MCC18\src\traditional\proc\p18F97J60.asm
                 LATAbits   0x000f89       data     extern C:\MCC18\src\traditional\proc\p18F97J60.asm
                     LATB   0x000f8a       data     extern C:\MCC18\src\traditional\proc\p18F97J60.asm
                 LATBbits   0x000f8a       data     extern C:\MCC18\src\traditional\proc\p18F97J60.asm
                     LATC   0x000f8b       data     extern C:\MCC18\src\traditional\proc\p18F97J60.asm
                 LATCbits   0x000f8b       data     extern C:\MCC18\src\traditional\proc\p18F97J60.asm
                     LATD   0x000f8c       data     extern C:\MCC18\src\traditional\proc\p18F97J60.asm
                 LATDbits   0x000f8c       data     extern C:\MCC18\src\traditional\proc\p18F97J60.asm
                     LATE   0x000f8d       data     extern C:\MCC18\src\traditional\proc\p18F97J60.asm
                 LATEbits   0x000f8d       data     extern C:\MCC18\src\traditional\proc\p18F97J60.asm
                     LATF   0x000f8e       data     extern C:\MCC18\src\traditional\proc\p18F97J60.asm
                 LATFbits   0x000f8e       data     extern C:\MCC18\src\traditional\proc\p18F97J60.asm
                     LATG   0x000f8f       data     extern C:\MCC18\src\traditional\proc\p18F97J60.asm
                 LATGbits   0x000f8f       data     extern C:\MCC18\src\traditional\proc\p18F97J60.asm
                     LATH   0x000f90       data     extern C:\MCC18\src\traditional\proc\p18F97J60.asm
                 LATHbits   0x000f90       data     extern C:\MCC18\src\traditional\proc\p18F97J60.asm
                     LATJ   0x000f91       data     extern C:\MCC18\src\traditional\proc\p18F97J60.asm
                 LATJbits   0x000f91       data     extern C:\MCC18\src\traditional\proc\p18F97J60.asm
                   MAADR1   0x000e84       data     extern C:\MCC18\src\traditional\proc\p18F97J60.asm
                   MAADR2   0x000e85       data     extern C:\MCC18\src\traditional\proc\p18F97J60.asm
                   MAADR3   0x000e82       data     extern C:\MCC18\src\traditional\proc\p18F97J60.asm
                   MAADR4   0x000e83       data     extern C:\MCC18\src\traditional\proc\p18F97J60.asm
                   MAADR5   0x000e80       data     extern C:\MCC18\src\traditional\proc\p18F97J60.asm
                   MAADR6   0x000e81       data     extern C:\MCC18\src\traditional\proc\p18F97J60.asm
                  MABBIPG   0x000ea4       data     extern C:\MCC18\src\traditional\proc\p18F97J60.asm
                   MACON1   0x000ea0       data     extern C:\MCC18\src\traditional\proc\p18F97J60.asm
               MACON1bits   0x000ea0       data     extern C:\MCC18\src\traditional\proc\p18F97J60.asm
                   MACON3   0x000ea2       data     extern C:\MCC18\src\traditional\proc\p18F97J60.asm
               MACON3bits   0x000ea2       data     extern C:\MCC18\src\traditional\proc\p18F97J60.asm
                   MACON4   0x000ea3       data     extern C:\MCC18\src\traditional\proc\p18F97J60.asm
               MACON4bits   0x000ea3       data     extern C:\MCC18\src\traditional\proc\p18F97J60.asm
                    MAIPG   0x000ea6       data     extern C:\MCC18\src\traditional\proc\p18F97J60.asm
                   MAIPGH   0x000ea7       data     extern C:\MCC18\src\traditional\proc\p18F97J60.asm
                   MAIPGL   0x000ea6       data     extern C:\MCC18\src\traditional\proc\p18F97J60.asm
                   MAMXFL   0x000eaa       data     extern C:\MCC18\src\traditional\proc\p18F97J60.asm
                  MAMXFLH   0x000eab       data     extern C:\MCC18\src\traditional\proc\p18F97J60.asm
                  MAMXFLL   0x000eaa       data     extern C:\MCC18\src\traditional\proc\p18F97J60.asm
                   MEMCON   0x000f9c       data     extern C:\MCC18\src\traditional\proc\p18F97J60.asm
               MEMCONbits   0x000f9c       data     extern C:\MCC18\src\traditional\proc\p18F97J60.asm
                    MICMD   0x000eb2       data     extern C:\MCC18\src\traditional\proc\p18F97J60.asm
                MICMDbits   0x000eb2       data     extern C:\MCC18\src\traditional\proc\p18F97J60.asm
                     MIRD   0x000eb8       data     extern C:\MCC18\src\traditional\proc\p18F97J60.asm
                    MIRDH   0x000eb9       data     extern C:\MCC18\src\traditional\proc\p18F97J60.asm
                    MIRDL   0x000eb8       data     extern C:\MCC18\src\traditional\proc\p18F97J60.asm
                 MIREGADR   0x000eb4       data     extern C:\MCC18\src\traditional\proc\p18F97J60.asm
                   MISTAT   0x000e8a       data     extern C:\MCC18\src\traditional\proc\p18F97J60.asm
               MISTATbits   0x000e8a       data     extern C:\MCC18\src\traditional\proc\p18F97J60.asm
                     MIWR   0x000eb6       data     extern C:\MCC18\src\traditional\proc\p18F97J60.asm
                    MIWRH   0x000eb7       data     extern C:\MCC18\src\traditional\proc\p18F97J60.asm
                    MIWRL   0x000eb6       data     extern C:\MCC18\src\traditional\proc\p18F97J60.asm
                   OSCCON   0x000fd3       data     extern C:\MCC18\src\traditional\proc\p18F97J60.asm
               OSCCONbits   0x000fd3       data     extern C:\MCC18\src\traditional\proc\p18F97J60.asm
                  OSCTUNE   0x000f9b       data     extern C:\MCC18\src\traditional\proc\p18F97J60.asm
              OSCTUNEbits   0x000f9b       data     extern C:\MCC18\src\traditional\proc\p18F97J60.asm
                       PC   0x000ff9       data     extern C:\MCC18\src\traditional\proc\p18F97J60.asm
                      PCL   0x000ff9       data     extern C:\MCC18\src\traditional\proc\p18F97J60.asm
                   PCLATH   0x000ffa       data     extern C:\MCC18\src\traditional\proc\p18F97J60.asm
                   PCLATU   0x000ffb       data     extern C:\MCC18\src\traditional\proc\p18F97J60.asm
                     PIE1   0x000f9d       data     extern C:\MCC18\src\traditional\proc\p18F97J60.asm
                 PIE1bits   0x000f9d       data     extern C:\MCC18\src\traditional\proc\p18F97J60.asm
[...]
                TRISCbits   0x000f94       data     extern C:\MCC18\src\traditional\proc\p18F97J60.asm
                     DDRD   0x000f95       data     extern C:\MCC18\src\traditional\proc\p18F97J60.asm
                 DDRDbits   0x000f95       data     extern C:\MCC18\src\traditional\proc\p18F97J60.asm
                    TRISD   0x000f95       data     extern C:\MCC18\src\traditional\proc\p18F97J60.asm
                TRISDbits   0x000f95       data     extern C:\MCC18\src\traditional\proc\p18F97J60.asm
                    TRISE   0x000f96       data     extern C:\MCC18\src\traditional\proc\p18F97J60.asm
                TRISEbits   0x000f96       data     extern C:\MCC18\src\traditional\proc\p18F97J60.asm
                 DDREbits   0x000f96       data     extern C:\MCC18\src\traditional\proc\p18F97J60.asm
                     DDRE   0x000f96       data     extern C:\MCC18\src\traditional\proc\p18F97J60.asm
                    TRISF   0x000f97       data     extern C:\MCC18\src\traditional\proc\p18F97J60.asm
                TRISFbits   0x000f97       data     extern C:\MCC18\src\traditional\proc\p18F97J60.asm
                 DDRFbits   0x000f97       data     extern C:\MCC18\src\traditional\proc\p18F97J60.asm
                     DDRF   0x000f97       data     extern C:\MCC18\src\traditional\proc\p18F97J60.asm
                 DDRGbits   0x000f98       data     extern C:\MCC18\src\traditional\proc\p18F97J60.asm
                     DDRG   0x000f98       data     extern C:\MCC18\src\traditional\proc\p18F97J60.asm
                    TRISG   0x000f98       data     extern C:\MCC18\src\traditional\proc\p18F97J60.asm
                TRISGbits   0x000f98       data     extern C:\MCC18\src\traditional\proc\p18F97J60.asm
                     DDRH   0x000f99       data     extern C:\MCC18\src\traditional\proc\p18F97J60.asm
                 DDRHbits   0x000f99       data     extern C:\MCC18\src\traditional\proc\p18F97J60.asm
                    TRISH   0x000f99       data     extern C:\MCC18\src\traditional\proc\p18F97J60.asm
                TRISHbits   0x000f99       data     extern C:\MCC18\src\traditional\proc\p18F97J60.asm
                     DDRJ   0x000f9a       data     extern C:\MCC18\src\traditional\proc\p18F97J60.asm
                 DDRJbits   0x000f9a       data     extern C:\MCC18\src\traditional\proc\p18F97J60.asm
                    TRISJ   0x000f9a       data     extern C:\MCC18\src\traditional\proc\p18F97J60.asm
                TRISJbits   0x000f9a       data     extern C:\MCC18\src\traditional\proc\p18F97J60.asm
                  OSCTUNE   0x000f9b       data     extern C:\MCC18\src\traditional\proc\p18F97J60.asm
              OSCTUNEbits   0x000f9b       data     extern C:\MCC18\src\traditional\proc\p18F97J60.asm
               MEMCONbits   0x000f9c       data     extern C:\MCC18\src\traditional\proc\p18F97J60.asm
                   MEMCON   0x000f9c       data     extern C:\MCC18\src\traditional\proc\p18F97J60.asm
                 PIE1bits   0x000f9d       data     extern C:\MCC18\src\traditional\proc\p18F97J60.asm
                     PIE1   0x000f9d       data     extern C:\MCC18\src\traditional\proc\p18F97J60.asm
                 PIR1bits   0x000f9e       data     extern C:\MCC18\src\traditional\proc\p18F97J60.asm
                     PIR1   0x000f9e       data     extern C:\MCC18\src\traditional\proc\p18F97J60.asm
                     IPR1   0x000f9f       data     extern C:\MCC18\src\traditional\proc\p18F97J60.asm
                 IPR1bits   0x000f9f       data     extern C:\MCC18\src\traditional\proc\p18F97J60.asm
                     PIE2   0x000fa0       data     extern C:\MCC18\src\traditional\proc\p18F97J60.asm
                 PIE2bits   0x000fa0       data     extern C:\MCC18\src\traditional\proc\p18F97J60.asm
                     PIR2   0x000fa1       data     extern C:\MCC18\src\traditional\proc\p18F97J60.asm
                 PIR2bits   0x000fa1       data     extern C:\MCC18\src\traditional\proc\p18F97J60.asm
                     IPR2   0x000fa2       data     extern C:\MCC18\src\traditional\proc\p18F97J60.asm
                 IPR2bits   0x000fa2       data     extern C:\MCC18\src\traditional\proc\p18F97J60.asm
                     PIE3   0x000fa3       data     extern C:\MCC18\src\traditional\proc\p18F97J60.asm
                 PIE3bits   0x000fa3       data     extern C:\MCC18\src\traditional\proc\p18F97J60.asm
                     PIR3   0x000fa4       data     extern C:\MCC18\src\traditional\proc\p18F97J60.asm
                 PIR3bits   0x000fa4       data     extern C:\MCC18\src\traditional\proc\p18F97J60.asm
                     IPR3   0x000fa5       data     extern C:\MCC18\src\traditional\proc\p18F97J60.asm
                 IPR3bits   0x000fa5       data     extern C:\MCC18\src\traditional\proc\p18F97J60.asm
               EECON1bits   0x000fa6       data     extern C:\MCC18\src\traditional\proc\p18F97J60.asm
                   EECON1   0x000fa6       data     extern C:\MCC18\src\traditional\proc\p18F97J60.asm
                   EECON2   0x000fa7       data     extern C:\MCC18\src\traditional\proc\p18F97J60.asm
                    RCSTA   0x000fab       data     extern C:\MCC18\src\traditional\proc\p18F97J60.asm
                   RCSTA1   0x000fab       data     extern C:\MCC18\src\traditional\proc\p18F97J60.asm
               RCSTA1bits   0x000fab       data     extern C:\MCC18\src\traditional\proc\p18F97J60.asm
                RCSTAbits   0x000fab       data     extern C:\MCC18\src\traditional\proc\p18F97J60.asm
                TXSTAbits   0x000fac       data     extern C:\MCC18\src\traditional\proc\p18F97J60.asm
               TXSTA1bits   0x000fac       data     extern C:\MCC18\src\traditional\proc\p18F97J60.asm
                   TXSTA1   0x000fac       data     extern C:\MCC18\src\traditional\proc\p18F97J60.asm
                    TXSTA   0x000fac       data     extern C:\MCC18\src\traditional\proc\p18F97J60.asm
                   TXREG1   0x000fad       data     extern C:\MCC18\src\traditional\proc\p18F97J60.asm
                    TXREG   0x000fad       data     extern C:\MCC18\src\traditional\proc\p18F97J60.asm
                   RCREG1   0x000fae       data     extern C:\MCC18\src\traditional\proc\p18F97J60.asm
                    RCREG   0x000fae       data     extern C:\MCC18\src\traditional\proc\p18F97J60.asm
                   SPBRG1   0x000faf       data     extern C:\MCC18\src\traditional\proc\p18F97J60.asm
                    SPBRG   0x000faf       data     extern C:\MCC18\src\traditional\proc\p18F97J60.asm
               PSPCONbits   0x000fb0       data     extern C:\MCC18\src\traditional\proc\p18F97J60.asm
                   PSPCON   0x000fb0       data     extern C:\MCC18\src\traditional\proc\p18F97J60.asm
                    T3CON   0x000fb1       data     extern C:\MCC18\src\traditional\proc\p18F97J60.asm
                T3CONbits   0x000fb1       data     extern C:\MCC18\src\traditional\proc\p18F97J60.asm
                    TMR3L   0x000fb2       data     extern C:\MCC18\src\traditional\proc\p18F97J60.asm
                    TMR3H   0x000fb3       data     extern C:\MCC18\src\traditional\proc\p18F97J60.asm
                    CMCON   0x000fb4       data     extern C:\MCC18\src\traditional\proc\p18F97J60.asm
                CMCONbits   0x000fb4       data     extern C:\MCC18\src\traditional\proc\p18F97J60.asm
               CVRCONbits   0x000fb5       data     extern C:\MCC18\src\traditional\proc\p18F97J60.asm
                   CVRCON   0x000fb5       data     extern C:\MCC18\src\traditional\proc\p18F97J60.asm
                  ECCP1AS   0x000fb6       data     extern C:\MCC18\src\traditional\proc\p18F97J60.asm
              ECCP1ASbits   0x000fb6       data     extern C:\MCC18\src\traditional\proc\p18F97J60.asm
             ECCP3CONbits   0x000fb7       data     extern C:\MCC18\src\traditional\proc\p18F97J60.asm
                 ECCP3CON   0x000fb7       data     extern C:\MCC18\src\traditional\proc\p18F97J60.asm
                  CCP3CON   0x000fb7       data     extern C:\MCC18\src\traditional\proc\p18F97J60.asm
              CCP3CONbits   0x000fb7       data     extern C:\MCC18\src\traditional\proc\p18F97J60.asm
                   CCPR3L   0x000fb8       data     extern C:\MCC18\src\traditional\proc\p18F97J60.asm
                    CCPR3   0x000fb8       data     extern C:\MCC18\src\traditional\proc\p18F97J60.asm
                   CCPR3H   0x000fb9       data     extern C:\MCC18\src\traditional\proc\p18F97J60.asm
             ECCP2CONbits   0x000fba       data     extern C:\MCC18\src\traditional\proc\p18F97J60.asm
                 ECCP2CON   0x000fba       data     extern C:\MCC18\src\traditional\proc\p18F97J60.asm
              CCP2CONbits   0x000fba       data     extern C:\MCC18\src\traditional\proc\p18F97J60.asm
                  CCP2CON   0x000fba       data     extern C:\MCC18\src\traditional\proc\p18F97J60.asm
                    CCPR2   0x000fbb       data     extern C:\MCC18\src\traditional\proc\p18F97J60.asm
                   CCPR2L   0x000fbb       data     extern C:\MCC18\src\traditional\proc\p18F97J60.asm
                   CCPR2H   0x000fbc       data     extern C:\MCC18\src\traditional\proc\p18F97J60.asm
              CCP1CONbits   0x000fbd       data     extern C:\MCC18\src\traditional\proc\p18F97J60.asm
                 ECCP1CON   0x000fbd       data     extern C:\MCC18\src\traditional\proc\p18F97J60.asm
             ECCP1CONbits   0x000fbd       data     extern C:\MCC18\src\traditional\proc\p18F97J60.asm
                  CCP1CON   0x000fbd       data     extern C:\MCC18\src\traditional\proc\p18F97J60.asm
                   CCPR1L   0x000fbe       data     extern C:\MCC18\src\traditional\proc\p18F97J60.asm
                    CCPR1   0x000fbe       data     extern C:\MCC18\src\traditional\proc\p18F97J60.asm
                   CCPR1H   0x000fbf       data     extern C:\MCC18\src\traditional\proc\p18F97J60.asm
                   ADCON2   0x000fc0       data     extern C:\MCC18\src\traditional\proc\p18F97J60.asm
               ADCON2bits   0x000fc0       data     extern C:\MCC18\src\traditional\proc\p18F97J60.asm
                   ADCON1   0x000fc1       data     extern C:\MCC18\src\traditional\proc\p18F97J60.asm
               ADCON1bits   0x000fc1       data     extern C:\MCC18\src\traditional\proc\p18F97J60.asm
               ADCON0bits   0x000fc2       data     extern C:\MCC18\src\traditional\proc\p18F97J60.asm
                   ADCON0   0x000fc2       data     extern C:\MCC18\src\traditional\proc\p18F97J60.asm
                    ADRES   0x000fc3       data     extern C:\MCC18\src\traditional\proc\p18F97J60.asm
                   ADRESL   0x000fc3       data     extern C:\MCC18\src\traditional\proc\p18F97J60.asm
                   ADRESH   0x000fc4       data     extern C:\MCC18\src\traditional\proc\p18F97J60.asm
                 SSP1CON2   0x000fc5       data     extern C:\MCC18\src\traditional\proc\p18F97J60.asm
             SSP1CON2bits   0x000fc5       data     extern C:\MCC18\src\traditional\proc\p18F97J60.asm
                  SSPCON2   0x000fc5       data     extern C:\MCC18\src\traditional\proc\p18F97J60.asm
              SSPCON2bits   0x000fc5       data     extern C:\MCC18\src\traditional\proc\p18F97J60.asm
              SSPCON1bits   0x000fc6       data     extern C:\MCC18\src\traditional\proc\p18F97J60.asm
                  SSPCON1   0x000fc6       data     extern C:\MCC18\src\traditional\proc\p18F97J60.asm
                 SSP1CON1   0x000fc6       data     extern C:\MCC18\src\traditional\proc\p18F97J60.asm
             SSP1CON1bits   0x000fc6       data     extern C:\MCC18\src\traditional\proc\p18F97J60.asm
              SSPSTATbits   0x000fc7       data     extern C:\MCC18\src\traditional\proc\p18F97J60.asm
                  SSPSTAT   0x000fc7       data     extern C:\MCC18\src\traditional\proc\p18F97J60.asm
                 SSP1STAT   0x000fc7       data     extern C:\MCC18\src\traditional\proc\p18F97J60.asm
             SSP1STATbits   0x000fc7       data     extern C:\MCC18\src\traditional\proc\p18F97J60.asm
                   SSPADD   0x000fc8       data     extern C:\MCC18\src\traditional\proc\p18F97J60.asm
                  SSP1ADD   0x000fc8       data     extern C:\MCC18\src\traditional\proc\p18F97J60.asm
                   SSPBUF   0x000fc9       data     extern C:\MCC18\src\traditional\proc\p18F97J60.asm
                  SSP1BUF   0x000fc9       data     extern C:\MCC18\src\traditional\proc\p18F97J60.asm
                T2CONbits   0x000fca       data     extern C:\MCC18\src\traditional\proc\p18F97J60.asm
                    T2CON   0x000fca       data     extern C:\MCC18\src\traditional\proc\p18F97J60.asm
                      PR2   0x000fcb       data     extern C:\MCC18\src\traditional\proc\p18F97J60.asm
                     TMR2   0x000fcc       data     extern C:\MCC18\src\traditional\proc\p18F97J60.asm
                T1CONbits   0x000fcd       data     extern C:\MCC18\src\traditional\proc\p18F97J60.asm
                    T1CON   0x000fcd       data     extern C:\MCC18\src\traditional\proc\p18F97J60.asm
                    TMR1L   0x000fce       data     extern C:\MCC18\src\traditional\proc\p18F97J60.asm
                    TMR1H   0x000fcf       data     extern C:\MCC18\src\traditional\proc\p18F97J60.asm
                     RCON   0x000fd0       data     extern C:\MCC18\src\traditional\proc\p18F97J60.asm
                 RCONbits   0x000fd0       data     extern C:\MCC18\src\traditional\proc\p18F97J60.asm
                   WDTCON   0x000fd1       data     extern C:\MCC18\src\traditional\proc\p18F97J60.asm
               WDTCONbits   0x000fd1       data     extern C:\MCC18\src\traditional\proc\p18F97J60.asm
                    ECON1   0x000fd2       data     extern C:\MCC18\src\traditional\proc\p18F97J60.asm
                ECON1bits   0x000fd2       data     extern C:\MCC18\src\traditional\proc\p18F97J60.asm
                   OSCCON   0x000fd3       data     extern C:\MCC18\src\traditional\proc\p18F97J60.asm
               OSCCONbits   0x000fd3       data     extern C:\MCC18\src\traditional\proc\p18F97J60.asm
                T0CONbits   0x000fd5       data     extern C:\MCC18\src\traditional\proc\p18F97J60.asm
                    T0CON   0x000fd5       data     extern C:\MCC18\src\traditional\proc\p18F97J60.asm
                    TMR0L   0x000fd6       data     extern C:\MCC18\src\traditional\proc\p18F97J60.asm
                    TMR0H   0x000fd7       data     extern C:\MCC18\src\traditional\proc\p18F97J60.asm
               STATUSbits   0x000fd8       data     extern C:\MCC18\src\traditional\proc\p18F97J60.asm
                   STATUS   0x000fd8       data     extern C:\MCC18\src\traditional\proc\p18F97J60.asm
                    FSR2L   0x000fd9       data     extern C:\MCC18\src\traditional\proc\p18F97J60.asm
                     FSR2   0x000fd9       data     extern C:\MCC18\src\traditional\proc\p18F97J60.asm
                    FSR2H   0x000fda       data     extern C:\MCC18\src\traditional\proc\p18F97J60.asm
                   PLUSW2   0x000fdb       data     extern C:\MCC18\src\traditional\proc\p18F97J60.asm
                  PREINC2   0x000fdc       data     extern C:\MCC18\src\traditional\proc\p18F97J60.asm
                 POSTDEC2   0x000fdd       data     extern C:\MCC18\src\traditional\proc\p18F97J60.asm
                 POSTINC2   0x000fde       data     extern C:\MCC18\src\traditional\proc\p18F97J60.asm
                    INDF2   0x000fdf       data     extern C:\MCC18\src\traditional\proc\p18F97J60.asm
                      BSR   0x000fe0       data     extern C:\MCC18\src\traditional\proc\p18F97J60.asm
                     FSR1   0x000fe1       data     extern C:\MCC18\src\traditional\proc\p18F97J60.asm
                    FSR1L   0x000fe1       data     extern C:\MCC18\src\traditional\proc\p18F97J60.asm
                    FSR1H   0x000fe2       data     extern C:\MCC18\src\traditional\proc\p18F97J60.asm
                   PLUSW1   0x000fe3       data     extern C:\MCC18\src\traditional\proc\p18F97J60.asm
                  PREINC1   0x000fe4       data     extern C:\MCC18\src\traditional\proc\p18F97J60.asm
                 POSTDEC1   0x000fe5       data     extern C:\MCC18\src\traditional\proc\p18F97J60.asm
                 POSTINC1   0x000fe6       data     extern C:\MCC18\src\traditional\proc\p18F97J60.asm
                    INDF1   0x000fe7       data     extern C:\MCC18\src\traditional\proc\p18F97J60.asm
                     WREG   0x000fe8       data     extern C:\MCC18\src\traditional\proc\p18F97J60.asm
                    FSR0L   0x000fe9       data     extern C:\MCC18\src\traditional\proc\p18F97J60.asm
                     FSR0   0x000fe9       data     extern C:\MCC18\src\traditional\proc\p18F97J60.asm
                    FSR0H   0x000fea       data     extern C:\MCC18\src\traditional\proc\p18F97J60.asm
                   PLUSW0   0x000feb       data     extern C:\MCC18\src\traditional\proc\p18F97J60.asm
                  PREINC0   0x000fec       data     extern C:\MCC18\src\traditional\proc\p18F97J60.asm
                 POSTDEC0   0x000fed       data     extern C:\MCC18\src\traditional\proc\p18F97J60.asm
                 POSTINC0   0x000fee       data     extern C:\MCC18\src\traditional\proc\p18F97J60.asm
                    INDF0   0x000fef       data     extern C:\MCC18\src\traditional\proc\p18F97J60.asm
              INTCON3bits   0x000ff0       data     extern C:\MCC18\src\traditional\proc\p18F97J60.asm
                  INTCON3   0x000ff0       data     extern C:\MCC18\src\traditional\proc\p18F97J60.asm
                  INTCON2   0x000ff1       data     extern C:\MCC18\src\traditional\proc\p18F97J60.asm
              INTCON2bits   0x000ff1       data     extern C:\MCC18\src\traditional\proc\p18F97J60.asm
                   INTCON   0x000ff2       data     extern C:\MCC18\src\traditional\proc\p18F97J60.asm
               INTCONbits   0x000ff2       data     extern C:\MCC18\src\traditional\proc\p18F97J60.asm
                    PRODL   0x000ff3       data     extern C:\MCC18\src\traditional\proc\p18F97J60.asm
                     PROD   0x000ff3       data     extern C:\MCC18\src\traditional\proc\p18F97J60.asm
                    PRODH   0x000ff4       data     extern C:\MCC18\src\traditional\proc\p18F97J60.asm
                   TABLAT   0x000ff5       data     extern C:\MCC18\src\traditional\proc\p18F97J60.asm
                   TBLPTR   0x000ff6       data     extern C:\MCC18\src\traditional\proc\p18F97J60.asm
                  TBLPTRL   0x000ff6       data     extern C:\MCC18\src\traditional\proc\p18F97J60.asm
                  TBLPTRH   0x000ff7       data     extern C:\MCC18\src\traditional\proc\p18F97J60.asm
                  TBLPTRU   0x000ff8       data     extern C:\MCC18\src\traditional\proc\p18F97J60.asm
                       PC   0x000ff9       data     extern C:\MCC18\src\traditional\proc\p18F97J60.asm
                      PCL   0x000ff9       data     extern C:\MCC18\src\traditional\proc\p18F97J60.asm
                   PCLATH   0x000ffa       data     extern C:\MCC18\src\traditional\proc\p18F97J60.asm
                   PCLATU   0x000ffb       data     extern C:\MCC18\src\traditional\proc\p18F97J60.asm
                   STKPTR   0x000ffc       data     extern C:\MCC18\src\traditional\proc\p18F97J60.asm
               STKPTRbits   0x000ffc       data     extern C:\MCC18\src\traditional\proc\p18F97J60.asm
                      TOS   0x000ffd       data     extern C:\MCC18\src\traditional\proc\p18F97J60.asm
                     TOSL   0x000ffd       data     extern C:\MCC18\src\traditional\proc\p18F97J60.asm
                     TOSH   0x000ffe       data     extern C:\MCC18\src\traditional\proc\p18F97J60.asm
                     TOSU   0x000fff       data     extern C:\MCC18\src\traditional\proc\p18F97J60.asm


